Archive member included to satisfy reference by file (symbol)

c:/program files (x86)/atmel/studio/7.0/toolchain/avr8/avr8-gnu-toolchain/bin/../lib/gcc/avr/5.4.0/avr5\libgcc.a(_divmodhi4.o)
                              scr/lcd.o (__divmodhi4)
c:/program files (x86)/atmel/studio/7.0/toolchain/avr8/avr8-gnu-toolchain/bin/../lib/gcc/avr/5.4.0/avr5\libgcc.a(_exit.o)
                              C:/Program Files (x86)/Atmel/Studio/7.0/Packs/atmel/ATmega_DFP/1.7.374/gcc/dev/atmega328p/avr5/crtatmega328p.o (exit)
c:/program files (x86)/atmel/studio/7.0/toolchain/avr8/avr8-gnu-toolchain/bin/../lib/gcc/avr/5.4.0/avr5\libgcc.a(_copy_data.o)
                              main.o (__do_copy_data)
c:/program files (x86)/atmel/studio/7.0/toolchain/avr8/avr8-gnu-toolchain/bin/../lib/gcc/avr/5.4.0/avr5\libgcc.a(_clear_bss.o)
                              main.o (__do_clear_bss)
c:/program files (x86)/atmel/studio/7.0/toolchain/avr8/avr8-gnu-toolchain/bin/../lib/gcc/avr/5.4.0/avr5\libgcc.a(_udivmodhi4.o)
                              c:/program files (x86)/atmel/studio/7.0/toolchain/avr8/avr8-gnu-toolchain/bin/../lib/gcc/avr/5.4.0/avr5\libgcc.a(_divmodhi4.o) (__udivmodhi4)
c:/program files (x86)/atmel/studio/7.0/toolchain/avr8/avr8-gnu-toolchain/bin/../lib/gcc/avr/5.4.0/../../../../avr/lib/avr5\libc.a(memset.o)
                              scr/lcd.o (memset)
c:/program files (x86)/atmel/studio/7.0/toolchain/avr8/avr8-gnu-toolchain/bin/../lib/gcc/avr/5.4.0/../../../../avr/lib/avr5\libc.a(snprintf.o)
                              main.o (snprintf)
c:/program files (x86)/atmel/studio/7.0/toolchain/avr8/avr8-gnu-toolchain/bin/../lib/gcc/avr/5.4.0/../../../../avr/lib/avr5\libc.a(vfprintf_std.o)
                              c:/program files (x86)/atmel/studio/7.0/toolchain/avr8/avr8-gnu-toolchain/bin/../lib/gcc/avr/5.4.0/../../../../avr/lib/avr5\libc.a(snprintf.o) (vfprintf)
c:/program files (x86)/atmel/studio/7.0/toolchain/avr8/avr8-gnu-toolchain/bin/../lib/gcc/avr/5.4.0/../../../../avr/lib/avr5\libc.a(strnlen_P.o)
                              c:/program files (x86)/atmel/studio/7.0/toolchain/avr8/avr8-gnu-toolchain/bin/../lib/gcc/avr/5.4.0/../../../../avr/lib/avr5\libc.a(vfprintf_std.o) (strnlen_P)
c:/program files (x86)/atmel/studio/7.0/toolchain/avr8/avr8-gnu-toolchain/bin/../lib/gcc/avr/5.4.0/../../../../avr/lib/avr5\libc.a(strnlen.o)
                              c:/program files (x86)/atmel/studio/7.0/toolchain/avr8/avr8-gnu-toolchain/bin/../lib/gcc/avr/5.4.0/../../../../avr/lib/avr5\libc.a(vfprintf_std.o) (strnlen)
c:/program files (x86)/atmel/studio/7.0/toolchain/avr8/avr8-gnu-toolchain/bin/../lib/gcc/avr/5.4.0/../../../../avr/lib/avr5\libc.a(fputc.o)
                              c:/program files (x86)/atmel/studio/7.0/toolchain/avr8/avr8-gnu-toolchain/bin/../lib/gcc/avr/5.4.0/../../../../avr/lib/avr5\libc.a(vfprintf_std.o) (fputc)
c:/program files (x86)/atmel/studio/7.0/toolchain/avr8/avr8-gnu-toolchain/bin/../lib/gcc/avr/5.4.0/../../../../avr/lib/avr5\libc.a(ultoa_invert.o)
                              c:/program files (x86)/atmel/studio/7.0/toolchain/avr8/avr8-gnu-toolchain/bin/../lib/gcc/avr/5.4.0/../../../../avr/lib/avr5\libc.a(vfprintf_std.o) (__ultoa_invert)
c:/program files (x86)/atmel/studio/7.0/toolchain/avr8/avr8-gnu-toolchain/bin/../lib/gcc/avr/5.4.0/avr5\libgcc.a(_prologue.o)
                              c:/program files (x86)/atmel/studio/7.0/toolchain/avr8/avr8-gnu-toolchain/bin/../lib/gcc/avr/5.4.0/../../../../avr/lib/avr5\libc.a(snprintf.o) (__prologue_saves__)
c:/program files (x86)/atmel/studio/7.0/toolchain/avr8/avr8-gnu-toolchain/bin/../lib/gcc/avr/5.4.0/avr5\libgcc.a(_epilogue.o)
                              c:/program files (x86)/atmel/studio/7.0/toolchain/avr8/avr8-gnu-toolchain/bin/../lib/gcc/avr/5.4.0/../../../../avr/lib/avr5\libc.a(snprintf.o) (__epilogue_restores__)

Discarded input sections

 .data          0x00000000        0x0 C:/Program Files (x86)/Atmel/Studio/7.0/Packs/atmel/ATmega_DFP/1.7.374/gcc/dev/atmega328p/avr5/crtatmega328p.o
 .bss           0x00000000        0x0 C:/Program Files (x86)/Atmel/Studio/7.0/Packs/atmel/ATmega_DFP/1.7.374/gcc/dev/atmega328p/avr5/crtatmega328p.o
 .text          0x00000000        0x0 main.o
 .data          0x00000000        0x0 main.o
 .bss           0x00000000        0x0 main.o
 .text._Z20stopLocoDueToTimeoutv
                0x00000000       0x12 main.o
 .text._Z24checkLocoMovementTimeoutv
                0x00000000       0x3c main.o
 .bss.triggeredBitMask
                0x00000000        0x1 main.o
 .text          0x00000000        0x0 scr/adcRead.o
 .data          0x00000000        0x0 scr/adcRead.o
 .bss           0x00000000        0x0 scr/adcRead.o
 .text          0x00000000        0x0 scr/InitFile.o
 .data          0x00000000        0x0 scr/InitFile.o
 .bss           0x00000000        0x0 scr/InitFile.o
 .text          0x00000000        0x0 scr/lcd.o
 .data          0x00000000        0x0 scr/lcd.o
 .bss           0x00000000        0x0 scr/lcd.o
 .text.LCD_ClearLine
                0x00000000       0x2c scr/lcd.o
 .text          0x00000000        0x0 scr/loco_control.o
 .data          0x00000000        0x0 scr/loco_control.o
 .bss           0x00000000        0x0 scr/loco_control.o
 .text          0x00000000        0x0 scr/PWM.o
 .data          0x00000000        0x0 scr/PWM.o
 .bss           0x00000000        0x0 scr/PWM.o
 .text.isPWMUpRunning
                0x00000000        0x6 scr/PWM.o
 .text.LocomotiveSpeedDown
                0x00000000        0x2 scr/PWM.o
 .text          0x00000000        0x0 scr/railroad_control.o
 .data          0x00000000        0x0 scr/railroad_control.o
 .bss           0x00000000        0x0 scr/railroad_control.o
 .text          0x00000000        0x0 scr/shift_registers.o
 .data          0x00000000        0x0 scr/shift_registers.o
 .bss           0x00000000        0x0 scr/shift_registers.o
 .text          0x00000000        0x0 scr/timer0.o
 .data          0x00000000        0x0 scr/timer0.o
 .bss           0x00000000        0x0 scr/timer0.o
 .text          0x00000000        0x0 scr/uart.o
 .data          0x00000000        0x0 scr/uart.o
 .bss           0x00000000        0x0 scr/uart.o
 .text.send_nack
                0x00000000        0xc scr/uart.o
 .text          0x00000000        0x0 c:/program files (x86)/atmel/studio/7.0/toolchain/avr8/avr8-gnu-toolchain/bin/../lib/gcc/avr/5.4.0/avr5\libgcc.a(_divmodhi4.o)
 .data          0x00000000        0x0 c:/program files (x86)/atmel/studio/7.0/toolchain/avr8/avr8-gnu-toolchain/bin/../lib/gcc/avr/5.4.0/avr5\libgcc.a(_divmodhi4.o)
 .bss           0x00000000        0x0 c:/program files (x86)/atmel/studio/7.0/toolchain/avr8/avr8-gnu-toolchain/bin/../lib/gcc/avr/5.4.0/avr5\libgcc.a(_divmodhi4.o)
 .text.libgcc.mul
                0x00000000        0x0 c:/program files (x86)/atmel/studio/7.0/toolchain/avr8/avr8-gnu-toolchain/bin/../lib/gcc/avr/5.4.0/avr5\libgcc.a(_divmodhi4.o)
 .text.libgcc   0x00000000        0x0 c:/program files (x86)/atmel/studio/7.0/toolchain/avr8/avr8-gnu-toolchain/bin/../lib/gcc/avr/5.4.0/avr5\libgcc.a(_divmodhi4.o)
 .text.libgcc.prologue
                0x00000000        0x0 c:/program files (x86)/atmel/studio/7.0/toolchain/avr8/avr8-gnu-toolchain/bin/../lib/gcc/avr/5.4.0/avr5\libgcc.a(_divmodhi4.o)
 .text.libgcc.builtins
                0x00000000        0x0 c:/program files (x86)/atmel/studio/7.0/toolchain/avr8/avr8-gnu-toolchain/bin/../lib/gcc/avr/5.4.0/avr5\libgcc.a(_divmodhi4.o)
 .text.libgcc.fmul
                0x00000000        0x0 c:/program files (x86)/atmel/studio/7.0/toolchain/avr8/avr8-gnu-toolchain/bin/../lib/gcc/avr/5.4.0/avr5\libgcc.a(_divmodhi4.o)
 .text.libgcc.fixed
                0x00000000        0x0 c:/program files (x86)/atmel/studio/7.0/toolchain/avr8/avr8-gnu-toolchain/bin/../lib/gcc/avr/5.4.0/avr5\libgcc.a(_divmodhi4.o)
 .text          0x00000000        0x0 c:/program files (x86)/atmel/studio/7.0/toolchain/avr8/avr8-gnu-toolchain/bin/../lib/gcc/avr/5.4.0/avr5\libgcc.a(_exit.o)
 .data          0x00000000        0x0 c:/program files (x86)/atmel/studio/7.0/toolchain/avr8/avr8-gnu-toolchain/bin/../lib/gcc/avr/5.4.0/avr5\libgcc.a(_exit.o)
 .bss           0x00000000        0x0 c:/program files (x86)/atmel/studio/7.0/toolchain/avr8/avr8-gnu-toolchain/bin/../lib/gcc/avr/5.4.0/avr5\libgcc.a(_exit.o)
 .text.libgcc.mul
                0x00000000        0x0 c:/program files (x86)/atmel/studio/7.0/toolchain/avr8/avr8-gnu-toolchain/bin/../lib/gcc/avr/5.4.0/avr5\libgcc.a(_exit.o)
 .text.libgcc.div
                0x00000000        0x0 c:/program files (x86)/atmel/studio/7.0/toolchain/avr8/avr8-gnu-toolchain/bin/../lib/gcc/avr/5.4.0/avr5\libgcc.a(_exit.o)
 .text.libgcc   0x00000000        0x0 c:/program files (x86)/atmel/studio/7.0/toolchain/avr8/avr8-gnu-toolchain/bin/../lib/gcc/avr/5.4.0/avr5\libgcc.a(_exit.o)
 .text.libgcc.prologue
                0x00000000        0x0 c:/program files (x86)/atmel/studio/7.0/toolchain/avr8/avr8-gnu-toolchain/bin/../lib/gcc/avr/5.4.0/avr5\libgcc.a(_exit.o)
 .text.libgcc.builtins
                0x00000000        0x0 c:/program files (x86)/atmel/studio/7.0/toolchain/avr8/avr8-gnu-toolchain/bin/../lib/gcc/avr/5.4.0/avr5\libgcc.a(_exit.o)
 .text.libgcc.fmul
                0x00000000        0x0 c:/program files (x86)/atmel/studio/7.0/toolchain/avr8/avr8-gnu-toolchain/bin/../lib/gcc/avr/5.4.0/avr5\libgcc.a(_exit.o)
 .text.libgcc.fixed
                0x00000000        0x0 c:/program files (x86)/atmel/studio/7.0/toolchain/avr8/avr8-gnu-toolchain/bin/../lib/gcc/avr/5.4.0/avr5\libgcc.a(_exit.o)
 .text          0x00000000        0x0 c:/program files (x86)/atmel/studio/7.0/toolchain/avr8/avr8-gnu-toolchain/bin/../lib/gcc/avr/5.4.0/avr5\libgcc.a(_copy_data.o)
 .data          0x00000000        0x0 c:/program files (x86)/atmel/studio/7.0/toolchain/avr8/avr8-gnu-toolchain/bin/../lib/gcc/avr/5.4.0/avr5\libgcc.a(_copy_data.o)
 .bss           0x00000000        0x0 c:/program files (x86)/atmel/studio/7.0/toolchain/avr8/avr8-gnu-toolchain/bin/../lib/gcc/avr/5.4.0/avr5\libgcc.a(_copy_data.o)
 .text.libgcc.mul
                0x00000000        0x0 c:/program files (x86)/atmel/studio/7.0/toolchain/avr8/avr8-gnu-toolchain/bin/../lib/gcc/avr/5.4.0/avr5\libgcc.a(_copy_data.o)
 .text.libgcc.div
                0x00000000        0x0 c:/program files (x86)/atmel/studio/7.0/toolchain/avr8/avr8-gnu-toolchain/bin/../lib/gcc/avr/5.4.0/avr5\libgcc.a(_copy_data.o)
 .text.libgcc   0x00000000        0x0 c:/program files (x86)/atmel/studio/7.0/toolchain/avr8/avr8-gnu-toolchain/bin/../lib/gcc/avr/5.4.0/avr5\libgcc.a(_copy_data.o)
 .text.libgcc.prologue
                0x00000000        0x0 c:/program files (x86)/atmel/studio/7.0/toolchain/avr8/avr8-gnu-toolchain/bin/../lib/gcc/avr/5.4.0/avr5\libgcc.a(_copy_data.o)
 .text.libgcc.builtins
                0x00000000        0x0 c:/program files (x86)/atmel/studio/7.0/toolchain/avr8/avr8-gnu-toolchain/bin/../lib/gcc/avr/5.4.0/avr5\libgcc.a(_copy_data.o)
 .text.libgcc.fmul
                0x00000000        0x0 c:/program files (x86)/atmel/studio/7.0/toolchain/avr8/avr8-gnu-toolchain/bin/../lib/gcc/avr/5.4.0/avr5\libgcc.a(_copy_data.o)
 .text.libgcc.fixed
                0x00000000        0x0 c:/program files (x86)/atmel/studio/7.0/toolchain/avr8/avr8-gnu-toolchain/bin/../lib/gcc/avr/5.4.0/avr5\libgcc.a(_copy_data.o)
 .text          0x00000000        0x0 c:/program files (x86)/atmel/studio/7.0/toolchain/avr8/avr8-gnu-toolchain/bin/../lib/gcc/avr/5.4.0/avr5\libgcc.a(_clear_bss.o)
 .data          0x00000000        0x0 c:/program files (x86)/atmel/studio/7.0/toolchain/avr8/avr8-gnu-toolchain/bin/../lib/gcc/avr/5.4.0/avr5\libgcc.a(_clear_bss.o)
 .bss           0x00000000        0x0 c:/program files (x86)/atmel/studio/7.0/toolchain/avr8/avr8-gnu-toolchain/bin/../lib/gcc/avr/5.4.0/avr5\libgcc.a(_clear_bss.o)
 .text.libgcc.mul
                0x00000000        0x0 c:/program files (x86)/atmel/studio/7.0/toolchain/avr8/avr8-gnu-toolchain/bin/../lib/gcc/avr/5.4.0/avr5\libgcc.a(_clear_bss.o)
 .text.libgcc.div
                0x00000000        0x0 c:/program files (x86)/atmel/studio/7.0/toolchain/avr8/avr8-gnu-toolchain/bin/../lib/gcc/avr/5.4.0/avr5\libgcc.a(_clear_bss.o)
 .text.libgcc   0x00000000        0x0 c:/program files (x86)/atmel/studio/7.0/toolchain/avr8/avr8-gnu-toolchain/bin/../lib/gcc/avr/5.4.0/avr5\libgcc.a(_clear_bss.o)
 .text.libgcc.prologue
                0x00000000        0x0 c:/program files (x86)/atmel/studio/7.0/toolchain/avr8/avr8-gnu-toolchain/bin/../lib/gcc/avr/5.4.0/avr5\libgcc.a(_clear_bss.o)
 .text.libgcc.builtins
                0x00000000        0x0 c:/program files (x86)/atmel/studio/7.0/toolchain/avr8/avr8-gnu-toolchain/bin/../lib/gcc/avr/5.4.0/avr5\libgcc.a(_clear_bss.o)
 .text.libgcc.fmul
                0x00000000        0x0 c:/program files (x86)/atmel/studio/7.0/toolchain/avr8/avr8-gnu-toolchain/bin/../lib/gcc/avr/5.4.0/avr5\libgcc.a(_clear_bss.o)
 .text.libgcc.fixed
                0x00000000        0x0 c:/program files (x86)/atmel/studio/7.0/toolchain/avr8/avr8-gnu-toolchain/bin/../lib/gcc/avr/5.4.0/avr5\libgcc.a(_clear_bss.o)
 .text          0x00000000        0x0 c:/program files (x86)/atmel/studio/7.0/toolchain/avr8/avr8-gnu-toolchain/bin/../lib/gcc/avr/5.4.0/avr5\libgcc.a(_udivmodhi4.o)
 .data          0x00000000        0x0 c:/program files (x86)/atmel/studio/7.0/toolchain/avr8/avr8-gnu-toolchain/bin/../lib/gcc/avr/5.4.0/avr5\libgcc.a(_udivmodhi4.o)
 .bss           0x00000000        0x0 c:/program files (x86)/atmel/studio/7.0/toolchain/avr8/avr8-gnu-toolchain/bin/../lib/gcc/avr/5.4.0/avr5\libgcc.a(_udivmodhi4.o)
 .text.libgcc.mul
                0x00000000        0x0 c:/program files (x86)/atmel/studio/7.0/toolchain/avr8/avr8-gnu-toolchain/bin/../lib/gcc/avr/5.4.0/avr5\libgcc.a(_udivmodhi4.o)
 .text.libgcc   0x00000000        0x0 c:/program files (x86)/atmel/studio/7.0/toolchain/avr8/avr8-gnu-toolchain/bin/../lib/gcc/avr/5.4.0/avr5\libgcc.a(_udivmodhi4.o)
 .text.libgcc.prologue
                0x00000000        0x0 c:/program files (x86)/atmel/studio/7.0/toolchain/avr8/avr8-gnu-toolchain/bin/../lib/gcc/avr/5.4.0/avr5\libgcc.a(_udivmodhi4.o)
 .text.libgcc.builtins
                0x00000000        0x0 c:/program files (x86)/atmel/studio/7.0/toolchain/avr8/avr8-gnu-toolchain/bin/../lib/gcc/avr/5.4.0/avr5\libgcc.a(_udivmodhi4.o)
 .text.libgcc.fmul
                0x00000000        0x0 c:/program files (x86)/atmel/studio/7.0/toolchain/avr8/avr8-gnu-toolchain/bin/../lib/gcc/avr/5.4.0/avr5\libgcc.a(_udivmodhi4.o)
 .text.libgcc.fixed
                0x00000000        0x0 c:/program files (x86)/atmel/studio/7.0/toolchain/avr8/avr8-gnu-toolchain/bin/../lib/gcc/avr/5.4.0/avr5\libgcc.a(_udivmodhi4.o)
 .text          0x00000000        0x0 c:/program files (x86)/atmel/studio/7.0/toolchain/avr8/avr8-gnu-toolchain/bin/../lib/gcc/avr/5.4.0/../../../../avr/lib/avr5\libc.a(memset.o)
 .data          0x00000000        0x0 c:/program files (x86)/atmel/studio/7.0/toolchain/avr8/avr8-gnu-toolchain/bin/../lib/gcc/avr/5.4.0/../../../../avr/lib/avr5\libc.a(memset.o)
 .bss           0x00000000        0x0 c:/program files (x86)/atmel/studio/7.0/toolchain/avr8/avr8-gnu-toolchain/bin/../lib/gcc/avr/5.4.0/../../../../avr/lib/avr5\libc.a(memset.o)
 .text          0x00000000        0x0 c:/program files (x86)/atmel/studio/7.0/toolchain/avr8/avr8-gnu-toolchain/bin/../lib/gcc/avr/5.4.0/../../../../avr/lib/avr5\libc.a(snprintf.o)
 .data          0x00000000        0x0 c:/program files (x86)/atmel/studio/7.0/toolchain/avr8/avr8-gnu-toolchain/bin/../lib/gcc/avr/5.4.0/../../../../avr/lib/avr5\libc.a(snprintf.o)
 .bss           0x00000000        0x0 c:/program files (x86)/atmel/studio/7.0/toolchain/avr8/avr8-gnu-toolchain/bin/../lib/gcc/avr/5.4.0/../../../../avr/lib/avr5\libc.a(snprintf.o)
 .text          0x00000000        0x0 c:/program files (x86)/atmel/studio/7.0/toolchain/avr8/avr8-gnu-toolchain/bin/../lib/gcc/avr/5.4.0/../../../../avr/lib/avr5\libc.a(vfprintf_std.o)
 .data          0x00000000        0x0 c:/program files (x86)/atmel/studio/7.0/toolchain/avr8/avr8-gnu-toolchain/bin/../lib/gcc/avr/5.4.0/../../../../avr/lib/avr5\libc.a(vfprintf_std.o)
 .bss           0x00000000        0x0 c:/program files (x86)/atmel/studio/7.0/toolchain/avr8/avr8-gnu-toolchain/bin/../lib/gcc/avr/5.4.0/../../../../avr/lib/avr5\libc.a(vfprintf_std.o)
 .text          0x00000000        0x0 c:/program files (x86)/atmel/studio/7.0/toolchain/avr8/avr8-gnu-toolchain/bin/../lib/gcc/avr/5.4.0/../../../../avr/lib/avr5\libc.a(strnlen_P.o)
 .data          0x00000000        0x0 c:/program files (x86)/atmel/studio/7.0/toolchain/avr8/avr8-gnu-toolchain/bin/../lib/gcc/avr/5.4.0/../../../../avr/lib/avr5\libc.a(strnlen_P.o)
 .bss           0x00000000        0x0 c:/program files (x86)/atmel/studio/7.0/toolchain/avr8/avr8-gnu-toolchain/bin/../lib/gcc/avr/5.4.0/../../../../avr/lib/avr5\libc.a(strnlen_P.o)
 .text          0x00000000        0x0 c:/program files (x86)/atmel/studio/7.0/toolchain/avr8/avr8-gnu-toolchain/bin/../lib/gcc/avr/5.4.0/../../../../avr/lib/avr5\libc.a(strnlen.o)
 .data          0x00000000        0x0 c:/program files (x86)/atmel/studio/7.0/toolchain/avr8/avr8-gnu-toolchain/bin/../lib/gcc/avr/5.4.0/../../../../avr/lib/avr5\libc.a(strnlen.o)
 .bss           0x00000000        0x0 c:/program files (x86)/atmel/studio/7.0/toolchain/avr8/avr8-gnu-toolchain/bin/../lib/gcc/avr/5.4.0/../../../../avr/lib/avr5\libc.a(strnlen.o)
 .text          0x00000000        0x0 c:/program files (x86)/atmel/studio/7.0/toolchain/avr8/avr8-gnu-toolchain/bin/../lib/gcc/avr/5.4.0/../../../../avr/lib/avr5\libc.a(fputc.o)
 .data          0x00000000        0x0 c:/program files (x86)/atmel/studio/7.0/toolchain/avr8/avr8-gnu-toolchain/bin/../lib/gcc/avr/5.4.0/../../../../avr/lib/avr5\libc.a(fputc.o)
 .bss           0x00000000        0x0 c:/program files (x86)/atmel/studio/7.0/toolchain/avr8/avr8-gnu-toolchain/bin/../lib/gcc/avr/5.4.0/../../../../avr/lib/avr5\libc.a(fputc.o)
 .text          0x00000000        0x0 c:/program files (x86)/atmel/studio/7.0/toolchain/avr8/avr8-gnu-toolchain/bin/../lib/gcc/avr/5.4.0/../../../../avr/lib/avr5\libc.a(ultoa_invert.o)
 .data          0x00000000        0x0 c:/program files (x86)/atmel/studio/7.0/toolchain/avr8/avr8-gnu-toolchain/bin/../lib/gcc/avr/5.4.0/../../../../avr/lib/avr5\libc.a(ultoa_invert.o)
 .bss           0x00000000        0x0 c:/program files (x86)/atmel/studio/7.0/toolchain/avr8/avr8-gnu-toolchain/bin/../lib/gcc/avr/5.4.0/../../../../avr/lib/avr5\libc.a(ultoa_invert.o)
 .text          0x00000000        0x0 c:/program files (x86)/atmel/studio/7.0/toolchain/avr8/avr8-gnu-toolchain/bin/../lib/gcc/avr/5.4.0/avr5\libgcc.a(_prologue.o)
 .data          0x00000000        0x0 c:/program files (x86)/atmel/studio/7.0/toolchain/avr8/avr8-gnu-toolchain/bin/../lib/gcc/avr/5.4.0/avr5\libgcc.a(_prologue.o)
 .bss           0x00000000        0x0 c:/program files (x86)/atmel/studio/7.0/toolchain/avr8/avr8-gnu-toolchain/bin/../lib/gcc/avr/5.4.0/avr5\libgcc.a(_prologue.o)
 .text.libgcc.mul
                0x00000000        0x0 c:/program files (x86)/atmel/studio/7.0/toolchain/avr8/avr8-gnu-toolchain/bin/../lib/gcc/avr/5.4.0/avr5\libgcc.a(_prologue.o)
 .text.libgcc.div
                0x00000000        0x0 c:/program files (x86)/atmel/studio/7.0/toolchain/avr8/avr8-gnu-toolchain/bin/../lib/gcc/avr/5.4.0/avr5\libgcc.a(_prologue.o)
 .text.libgcc   0x00000000        0x0 c:/program files (x86)/atmel/studio/7.0/toolchain/avr8/avr8-gnu-toolchain/bin/../lib/gcc/avr/5.4.0/avr5\libgcc.a(_prologue.o)
 .text.libgcc.builtins
                0x00000000        0x0 c:/program files (x86)/atmel/studio/7.0/toolchain/avr8/avr8-gnu-toolchain/bin/../lib/gcc/avr/5.4.0/avr5\libgcc.a(_prologue.o)
 .text.libgcc.fmul
                0x00000000        0x0 c:/program files (x86)/atmel/studio/7.0/toolchain/avr8/avr8-gnu-toolchain/bin/../lib/gcc/avr/5.4.0/avr5\libgcc.a(_prologue.o)
 .text.libgcc.fixed
                0x00000000        0x0 c:/program files (x86)/atmel/studio/7.0/toolchain/avr8/avr8-gnu-toolchain/bin/../lib/gcc/avr/5.4.0/avr5\libgcc.a(_prologue.o)
 .text          0x00000000        0x0 c:/program files (x86)/atmel/studio/7.0/toolchain/avr8/avr8-gnu-toolchain/bin/../lib/gcc/avr/5.4.0/avr5\libgcc.a(_epilogue.o)
 .data          0x00000000        0x0 c:/program files (x86)/atmel/studio/7.0/toolchain/avr8/avr8-gnu-toolchain/bin/../lib/gcc/avr/5.4.0/avr5\libgcc.a(_epilogue.o)
 .bss           0x00000000        0x0 c:/program files (x86)/atmel/studio/7.0/toolchain/avr8/avr8-gnu-toolchain/bin/../lib/gcc/avr/5.4.0/avr5\libgcc.a(_epilogue.o)
 .text.libgcc.mul
                0x00000000        0x0 c:/program files (x86)/atmel/studio/7.0/toolchain/avr8/avr8-gnu-toolchain/bin/../lib/gcc/avr/5.4.0/avr5\libgcc.a(_epilogue.o)
 .text.libgcc.div
                0x00000000        0x0 c:/program files (x86)/atmel/studio/7.0/toolchain/avr8/avr8-gnu-toolchain/bin/../lib/gcc/avr/5.4.0/avr5\libgcc.a(_epilogue.o)
 .text.libgcc   0x00000000        0x0 c:/program files (x86)/atmel/studio/7.0/toolchain/avr8/avr8-gnu-toolchain/bin/../lib/gcc/avr/5.4.0/avr5\libgcc.a(_epilogue.o)
 .text.libgcc.builtins
                0x00000000        0x0 c:/program files (x86)/atmel/studio/7.0/toolchain/avr8/avr8-gnu-toolchain/bin/../lib/gcc/avr/5.4.0/avr5\libgcc.a(_epilogue.o)
 .text.libgcc.fmul
                0x00000000        0x0 c:/program files (x86)/atmel/studio/7.0/toolchain/avr8/avr8-gnu-toolchain/bin/../lib/gcc/avr/5.4.0/avr5\libgcc.a(_epilogue.o)
 .text.libgcc.fixed
                0x00000000        0x0 c:/program files (x86)/atmel/studio/7.0/toolchain/avr8/avr8-gnu-toolchain/bin/../lib/gcc/avr/5.4.0/avr5\libgcc.a(_epilogue.o)

Memory Configuration

Name             Origin             Length             Attributes
text             0x00000000         0x00008000         xr
data             0x00800100         0x00000800         rw !x
eeprom           0x00810000         0x00000400         rw !x
fuse             0x00820000         0x00000003         rw !x
lock             0x00830000         0x00000400         rw !x
signature        0x00840000         0x00000400         rw !x
user_signatures  0x00850000         0x00000400         rw !x
*default*        0x00000000         0xffffffff

Linker script and memory map

Address of section .data set to 0x800100
LOAD C:/Program Files (x86)/Atmel/Studio/7.0/Packs/atmel/ATmega_DFP/1.7.374/gcc/dev/atmega328p/avr5/crtatmega328p.o
LOAD main.o
LOAD scr/adcRead.o
LOAD scr/InitFile.o
LOAD scr/lcd.o
LOAD scr/loco_control.o
LOAD scr/PWM.o
LOAD scr/railroad_control.o
LOAD scr/shift_registers.o
LOAD scr/timer0.o
LOAD scr/uart.o
START GROUP
LOAD c:/program files (x86)/atmel/studio/7.0/toolchain/avr8/avr8-gnu-toolchain/bin/../lib/gcc/avr/5.4.0/../../../../avr/lib/avr5\libm.a
END GROUP
LOAD c:/program files (x86)/atmel/studio/7.0/toolchain/avr8/avr8-gnu-toolchain/bin/../lib/gcc/avr/5.4.0/avr5\libgcc.a
LOAD c:/program files (x86)/atmel/studio/7.0/toolchain/avr8/avr8-gnu-toolchain/bin/../lib/gcc/avr/5.4.0/../../../../avr/lib/avr5\libm.a
START GROUP
LOAD c:/program files (x86)/atmel/studio/7.0/toolchain/avr8/avr8-gnu-toolchain/bin/../lib/gcc/avr/5.4.0/avr5\libgcc.a
LOAD c:/program files (x86)/atmel/studio/7.0/toolchain/avr8/avr8-gnu-toolchain/bin/../lib/gcc/avr/5.4.0/../../../../avr/lib/avr5\libm.a
LOAD c:/program files (x86)/atmel/studio/7.0/toolchain/avr8/avr8-gnu-toolchain/bin/../lib/gcc/avr/5.4.0/../../../../avr/lib/avr5\libc.a
LOAD C:/Program Files (x86)/Atmel/Studio/7.0/Packs/atmel/ATmega_DFP/1.7.374/gcc/dev/atmega328p/avr5\libatmega328p.a
END GROUP
                0x00000000                __TEXT_REGION_ORIGIN__ = DEFINED (__TEXT_REGION_ORIGIN__)?__TEXT_REGION_ORIGIN__:0x0
                [0x00800100]                __DATA_REGION_ORIGIN__ = DEFINED (__DATA_REGION_ORIGIN__)?__DATA_REGION_ORIGIN__:0x800060
                [0x00008000]                __TEXT_REGION_LENGTH__ = DEFINED (__TEXT_REGION_LENGTH__)?__TEXT_REGION_LENGTH__:0x20000
                [0x00000800]                __DATA_REGION_LENGTH__ = DEFINED (__DATA_REGION_LENGTH__)?__DATA_REGION_LENGTH__:0xffa0
                [0x00000400]                __EEPROM_REGION_LENGTH__ = DEFINED (__EEPROM_REGION_LENGTH__)?__EEPROM_REGION_LENGTH__:0x10000
                [0x00000003]                __FUSE_REGION_LENGTH__ = DEFINED (__FUSE_REGION_LENGTH__)?__FUSE_REGION_LENGTH__:0x400
                0x00000400                __LOCK_REGION_LENGTH__ = DEFINED (__LOCK_REGION_LENGTH__)?__LOCK_REGION_LENGTH__:0x400
                0x00000400                __SIGNATURE_REGION_LENGTH__ = DEFINED (__SIGNATURE_REGION_LENGTH__)?__SIGNATURE_REGION_LENGTH__:0x400
                0x00000400                __USER_SIGNATURE_REGION_LENGTH__ = DEFINED (__USER_SIGNATURE_REGION_LENGTH__)?__USER_SIGNATURE_REGION_LENGTH__:0x400

.hash
 *(.hash)

.dynsym
 *(.dynsym)

.dynstr
 *(.dynstr)

.gnu.version
 *(.gnu.version)

.gnu.version_d
 *(.gnu.version_d)

.gnu.version_r
 *(.gnu.version_r)

.rel.init
 *(.rel.init)

.rela.init
 *(.rela.init)

.rel.text
 *(.rel.text)
 *(.rel.text.*)
 *(.rel.gnu.linkonce.t*)

.rela.text
 *(.rela.text)
 *(.rela.text.*)
 *(.rela.gnu.linkonce.t*)

.rel.fini
 *(.rel.fini)

.rela.fini
 *(.rela.fini)

.rel.rodata
 *(.rel.rodata)
 *(.rel.rodata.*)
 *(.rel.gnu.linkonce.r*)

.rela.rodata
 *(.rela.rodata)
 *(.rela.rodata.*)
 *(.rela.gnu.linkonce.r*)

.rel.data
 *(.rel.data)
 *(.rel.data.*)
 *(.rel.gnu.linkonce.d*)

.rela.data
 *(.rela.data)
 *(.rela.data.*)
 *(.rela.gnu.linkonce.d*)

.rel.ctors
 *(.rel.ctors)

.rela.ctors
 *(.rela.ctors)

.rel.dtors
 *(.rel.dtors)

.rela.dtors
 *(.rela.dtors)

.rel.got
 *(.rel.got)

.rela.got
 *(.rela.got)

.rel.bss
 *(.rel.bss)

.rela.bss
 *(.rela.bss)

.rel.plt
 *(.rel.plt)

.rela.plt
 *(.rela.plt)

.text           0x00000000     0x16f6
 *(.vectors)
 .vectors       0x00000000       0x68 C:/Program Files (x86)/Atmel/Studio/7.0/Packs/atmel/ATmega_DFP/1.7.374/gcc/dev/atmega328p/avr5/crtatmega328p.o
                0x00000000                __vector_default
                0x00000000                __vectors
 *(.vectors)
 *(.progmem.gcc*)
                0x00000068                . = ALIGN (0x2)
                0x00000068                __trampolines_start = .
 *(.trampolines)
 .trampolines   0x00000068        0x0 linker stubs
 *(.trampolines*)
                0x00000068                __trampolines_end = .
 *libprintf_flt.a:*(.progmem.data)
 *libc.a:*(.progmem.data)
 *(.progmem*)
                0x00000068                . = ALIGN (0x2)
 *(.jumptables)
 *(.jumptables*)
 *(.lowtext)
 *(.lowtext*)
                0x00000068                __ctors_start = .
 *(.ctors)
                0x00000068                __ctors_end = .
                0x00000068                __dtors_start = .
 *(.dtors)
                0x00000068                __dtors_end = .
 SORT(*)(.ctors)
 SORT(*)(.dtors)
 *(.init0)
 .init0         0x00000068        0x0 C:/Program Files (x86)/Atmel/Studio/7.0/Packs/atmel/ATmega_DFP/1.7.374/gcc/dev/atmega328p/avr5/crtatmega328p.o
                0x00000068                __init
 *(.init0)
 *(.init1)
 *(.init1)
 *(.init2)
 .init2         0x00000068        0xc C:/Program Files (x86)/Atmel/Studio/7.0/Packs/atmel/ATmega_DFP/1.7.374/gcc/dev/atmega328p/avr5/crtatmega328p.o
 *(.init2)
 *(.init3)
 *(.init3)
 *(.init4)
 .init4         0x00000074       0x16 c:/program files (x86)/atmel/studio/7.0/toolchain/avr8/avr8-gnu-toolchain/bin/../lib/gcc/avr/5.4.0/avr5\libgcc.a(_copy_data.o)
                0x00000074                __do_copy_data
 .init4         0x0000008a       0x10 c:/program files (x86)/atmel/studio/7.0/toolchain/avr8/avr8-gnu-toolchain/bin/../lib/gcc/avr/5.4.0/avr5\libgcc.a(_clear_bss.o)
                0x0000008a                __do_clear_bss
 *(.init4)
 *(.init5)
 *(.init5)
 *(.init6)
 *(.init6)
 *(.init7)
 *(.init7)
 *(.init8)
 *(.init8)
 *(.init9)
 .init9         0x0000009a        0x8 C:/Program Files (x86)/Atmel/Studio/7.0/Packs/atmel/ATmega_DFP/1.7.374/gcc/dev/atmega328p/avr5/crtatmega328p.o
 *(.init9)
 *(.text)
 .text          0x000000a2        0x4 C:/Program Files (x86)/Atmel/Studio/7.0/Packs/atmel/ATmega_DFP/1.7.374/gcc/dev/atmega328p/avr5/crtatmega328p.o
                0x000000a2                __vector_22
                0x000000a2                __vector_1
                0x000000a2                __vector_24
                0x000000a2                __vector_12
                0x000000a2                __bad_interrupt
                0x000000a2                __vector_6
                0x000000a2                __vector_3
                0x000000a2                __vector_23
                0x000000a2                __vector_25
                0x000000a2                __vector_11
                0x000000a2                __vector_13
                0x000000a2                __vector_17
                0x000000a2                __vector_19
                0x000000a2                __vector_7
                0x000000a2                __vector_5
                0x000000a2                __vector_4
                0x000000a2                __vector_9
                0x000000a2                __vector_2
                0x000000a2                __vector_21
                0x000000a2                __vector_15
                0x000000a2                __vector_8
                0x000000a2                __vector_10
                0x000000a2                __vector_16
                0x000000a2                __vector_18
                0x000000a2                __vector_20
                0x000000a6                . = ALIGN (0x2)
 *(.text.*)
 .text._Z21show_adc_value_on_lcdv
                0x000000a6       0xa8 main.o
                0x000000a6                _Z21show_adc_value_on_lcdv
 .text._Z13updateAdcModehj
                0x0000014e       0x8a main.o
                0x0000014e                _Z13updateAdcModehj
 .text._Z25update_adc_display_if_duev
                0x000001d8       0x2a main.o
                0x000001d8                _Z25update_adc_display_if_duev
 .text._Z18isForwardDirectionv
                0x00000202       0x10 main.o
                0x00000202                _Z18isForwardDirectionv
 .text._Z17handleSensorEventhhh
                0x00000212       0x44 main.o
                0x00000212                _Z17handleSensorEventhhh
 .text._Z17checkSensorsStatev
                0x00000256       0x68 main.o
                0x00000256                _Z17checkSensorsStatev
 .text._Z14resetLocoTimerv
                0x000002be        0xe main.o
                0x000002be                _Z14resetLocoTimerv
 .text._Z14process_packet11UART_Packet
                0x000002cc       0x98 main.o
                0x000002cc                _Z14process_packet11UART_Packet
 .text._Z28check_and_send_overload_stopv
                0x00000364      0x196 main.o
                0x00000364                _Z28check_and_send_overload_stopv
 .text.main     0x000004fa       0x42 main.o
                0x000004fa                main
 .text.ADC_Init
                0x0000053c        0xe scr/adcRead.o
                0x0000053c                ADC_Init
 .text.ADC_Read
                0x0000054a       0x2a scr/adcRead.o
                0x0000054a                ADC_Read
 .text.system_init
                0x00000574       0x78 scr/InitFile.o
                0x00000574                system_init
 .text.I2C_Init
                0x000005ec       0x12 scr/lcd.o
                0x000005ec                I2C_Init
 .text.I2C_Start
                0x000005fe       0x10 scr/lcd.o
                0x000005fe                I2C_Start
 .text.I2C_Stop
                0x0000060e       0x10 scr/lcd.o
                0x0000060e                I2C_Stop
 .text.I2C_Write
                0x0000061e       0x14 scr/lcd.o
                0x0000061e                I2C_Write
 .text.LCD_Send
                0x00000632       0x62 scr/lcd.o
                0x00000632                LCD_Send
 .text.LCD_Command
                0x00000694       0x14 scr/lcd.o
                0x00000694                LCD_Command
 .text.LCD_Data
                0x000006a8       0x14 scr/lcd.o
                0x000006a8                LCD_Data
 .text.LCD_Init
                0x000006bc       0x6e scr/lcd.o
                0x000006bc                LCD_Init
 .text.LCD_Clear
                0x0000072a       0x14 scr/lcd.o
                0x0000072a                LCD_Clear
 .text.LCD_SetCursor
                0x0000073e       0x3e scr/lcd.o
                0x0000073e                LCD_SetCursor
 .text.LCD_Print
                0x0000077c       0x1a scr/lcd.o
                0x0000077c                LCD_Print
 .text.LCD_Blink
                0x00000796       0xe4 scr/lcd.o
                0x00000796                LCD_Blink
 .text.LCD_PrintTwoLines
                0x0000087a       0x48 scr/lcd.o
                0x0000087a                LCD_PrintTwoLines
 .text.update_lcd
                0x000008c2       0x92 scr/lcd.o
                0x000008c2                update_lcd
 .text.print_triggered_sensor
                0x00000954       0x74 scr/lcd.o
                0x00000954                print_triggered_sensor
 .text.SlowMode
                0x000009c8       0x12 scr/loco_control.o
                0x000009c8                SlowMode
 .text.PowerSupplyOn
                0x000009da        0xe scr/loco_control.o
                0x000009da                PowerSupplyOn
 .text.MoveLocoForward
                0x000009e8       0x48 scr/loco_control.o
                0x000009e8                MoveLocoForward
 .text.PowerSupplyOff
                0x00000a30        0x8 scr/loco_control.o
                0x00000a30                PowerSupplyOff
 .text.LocoStop
                0x00000a38       0x44 scr/loco_control.o
                0x00000a38                LocoStop
 .text.ReversOn
                0x00000a7c        0x8 scr/loco_control.o
                0x00000a7c                ReversOn
 .text.MoveLocoBackward
                0x00000a84       0x50 scr/loco_control.o
                0x00000a84                MoveLocoBackward
 .text.initPWM  0x00000ad4       0x1c scr/PWM.o
                0x00000ad4                initPWM
 .text.enablePWM
                0x00000af0       0x20 scr/PWM.o
                0x00000af0                enablePWM
 .text.disablePWM
                0x00000b10       0x1e scr/PWM.o
                0x00000b10                disablePWM
 .text.startPWMUp
                0x00000b2e       0x38 scr/PWM.o
                0x00000b2e                startPWMUp
 .text.processPWMUp
                0x00000b66       0x8a scr/PWM.o
                0x00000b66                processPWMUp
 .text.reset_route_state
                0x00000bf0        0x6 scr/railroad_control.o
                0x00000bf0                reset_route_state
 .text.activate_route_non_blocking
                0x00000bf6      0x130 scr/railroad_control.o
                0x00000bf6                activate_route_non_blocking
 .text.read_74HC165
                0x00000d26       0x3e scr/shift_registers.o
                0x00000d26                read_74HC165
 .text.init_74HC595_ports
                0x00000d64        0xe scr/shift_registers.o
                0x00000d64                init_74HC595_ports
 .text.shiftOut
                0x00000d72       0x42 scr/shift_registers.o
                0x00000d72                shiftOut
 .text.latchData
                0x00000db4       0x10 scr/shift_registers.o
                0x00000db4                latchData
 .text.shiftOutMultiple
                0x00000dc4       0x32 scr/shift_registers.o
                0x00000dc4                shiftOutMultiple
 .text.init_74HC165_ports
                0x00000df6       0x3a scr/shift_registers.o
                0x00000df6                init_74HC165_ports
 .text.timer0_init
                0x00000e30       0x22 scr/timer0.o
                0x00000e30                timer0_init
 .text.__vector_14
                0x00000e52       0x2e scr/timer0.o
                0x00000e52                __vector_14
 .text.UART_init
                0x00000e80       0x18 scr/uart.o
                0x00000e80                UART_init
 .text.UART_send
                0x00000e98        0xe scr/uart.o
                0x00000e98                UART_send
 .text.UART_receive
                0x00000ea6       0x1c scr/uart.o
                0x00000ea6                UART_receive
 .text.crc8     0x00000ec2       0x36 scr/uart.o
                0x00000ec2                crc8
 .text.send_command
                0x00000ef8       0x5a scr/uart.o
                0x00000ef8                send_command
 .text.UART_receive_full_packet
                0x00000f52       0x84 scr/uart.o
                0x00000f52                UART_receive_full_packet
 .text.send_ack
                0x00000fd6        0xc scr/uart.o
                0x00000fd6                send_ack
 .text.UART_receive_packet
                0x00000fe2       0x5a scr/uart.o
                0x00000fe2                UART_receive_packet
 .text.send_command_with_ack
                0x0000103c       0x68 scr/uart.o
                0x0000103c                send_command_with_ack
 .text.libgcc.div
                0x000010a4       0x28 c:/program files (x86)/atmel/studio/7.0/toolchain/avr8/avr8-gnu-toolchain/bin/../lib/gcc/avr/5.4.0/avr5\libgcc.a(_divmodhi4.o)
                0x000010a4                _div
                0x000010a4                __divmodhi4
 .text.libgcc.div
                0x000010cc       0x28 c:/program files (x86)/atmel/studio/7.0/toolchain/avr8/avr8-gnu-toolchain/bin/../lib/gcc/avr/5.4.0/avr5\libgcc.a(_udivmodhi4.o)
                0x000010cc                __udivmodhi4
 .text.avr-libc
                0x000010f4        0xe c:/program files (x86)/atmel/studio/7.0/toolchain/avr8/avr8-gnu-toolchain/bin/../lib/gcc/avr/5.4.0/../../../../avr/lib/avr5\libc.a(memset.o)
                0x000010f4                memset
 .text.avr-libc
                0x00001102       0x60 c:/program files (x86)/atmel/studio/7.0/toolchain/avr8/avr8-gnu-toolchain/bin/../lib/gcc/avr/5.4.0/../../../../avr/lib/avr5\libc.a(snprintf.o)
                0x00001102                snprintf
 .text.avr-libc
                0x00001162      0x3c2 c:/program files (x86)/atmel/studio/7.0/toolchain/avr8/avr8-gnu-toolchain/bin/../lib/gcc/avr/5.4.0/../../../../avr/lib/avr5\libc.a(vfprintf_std.o)
                0x00001162                vfprintf
 .text.avr-libc
                0x00001524       0x16 c:/program files (x86)/atmel/studio/7.0/toolchain/avr8/avr8-gnu-toolchain/bin/../lib/gcc/avr/5.4.0/../../../../avr/lib/avr5\libc.a(strnlen_P.o)
                0x00001524                strnlen_P
 .text.avr-libc
                0x0000153a       0x16 c:/program files (x86)/atmel/studio/7.0/toolchain/avr8/avr8-gnu-toolchain/bin/../lib/gcc/avr/5.4.0/../../../../avr/lib/avr5\libc.a(strnlen.o)
                0x0000153a                strnlen
 .text.avr-libc
                0x00001550       0x78 c:/program files (x86)/atmel/studio/7.0/toolchain/avr8/avr8-gnu-toolchain/bin/../lib/gcc/avr/5.4.0/../../../../avr/lib/avr5\libc.a(fputc.o)
                0x00001550                fputc
 .text.avr-libc
                0x000015c8       0xbc c:/program files (x86)/atmel/studio/7.0/toolchain/avr8/avr8-gnu-toolchain/bin/../lib/gcc/avr/5.4.0/../../../../avr/lib/avr5\libc.a(ultoa_invert.o)
                0x000015c8                __ultoa_invert
 .text.libgcc.prologue
                0x00001684       0x38 c:/program files (x86)/atmel/studio/7.0/toolchain/avr8/avr8-gnu-toolchain/bin/../lib/gcc/avr/5.4.0/avr5\libgcc.a(_prologue.o)
                0x00001684                __prologue_saves__
 .text.libgcc.prologue
                0x000016bc       0x36 c:/program files (x86)/atmel/studio/7.0/toolchain/avr8/avr8-gnu-toolchain/bin/../lib/gcc/avr/5.4.0/avr5\libgcc.a(_epilogue.o)
                0x000016bc                __epilogue_restores__
                0x000016f2                . = ALIGN (0x2)
 *(.fini9)
 .fini9         0x000016f2        0x0 c:/program files (x86)/atmel/studio/7.0/toolchain/avr8/avr8-gnu-toolchain/bin/../lib/gcc/avr/5.4.0/avr5\libgcc.a(_exit.o)
                0x000016f2                _exit
                0x000016f2                exit
 *(.fini9)
 *(.fini8)
 *(.fini8)
 *(.fini7)
 *(.fini7)
 *(.fini6)
 *(.fini6)
 *(.fini5)
 *(.fini5)
 *(.fini4)
 *(.fini4)
 *(.fini3)
 *(.fini3)
 *(.fini2)
 *(.fini2)
 *(.fini1)
 *(.fini1)
 *(.fini0)
 .fini0         0x000016f2        0x4 c:/program files (x86)/atmel/studio/7.0/toolchain/avr8/avr8-gnu-toolchain/bin/../lib/gcc/avr/5.4.0/avr5\libgcc.a(_exit.o)
 *(.fini0)
                0x000016f6                _etext = .

.data           0x00800100       0x64 load address 0x000016f6
                0x00800100                PROVIDE (__data_start, .)
 *(.data)
 *(.data*)
 .data._ZZ21show_adc_value_on_lcdvE12lastAdcValue
                0x00800100        0x2 main.o
 .data.previousSensorStates
                0x00800102        0x1 main.o
                0x00800102                previousSensorStates
 .data.lastCmd  0x00800103        0x1 main.o
                0x00800103                lastCmd
 .data.currentDuty
                0x00800104        0x2 scr/PWM.o
 *(.gnu.linkonce.d*)
 *(.rodata)
 *(.rodata*)
 .rodata.str1.1
                0x00800106       0x21 main.o
 .rodata.str1.1
                0x00800127       0x10 scr/InitFile.o
                                 0x11 (size before relaxing)
 .rodata.str1.1
                0x00800137       0x12 scr/lcd.o
 .rodata.powerRoutesSuplly
                0x00800149        0x8 scr/loco_control.o
                0x00800149                powerRoutesSuplly
 .rodata.routeSwitches
                0x00800151       0x12 scr/railroad_control.o
                0x00800151                routeSwitches
 *(.gnu.linkonce.r*)
                0x00800164                . = ALIGN (0x2)
 *fill*         0x00800163        0x1 
                0x00800164                _edata = .
                0x00800164                PROVIDE (__data_end, .)

.bss            0x00800164       0x27
                0x00800164                PROVIDE (__bss_start, .)
 *(.bss)
 *(.bss*)
 .bss._ZZ28check_and_send_overload_stopvE14lastResendTick
                0x00800164        0x2 main.o
 .bss._ZZ28check_and_send_overload_stopvE13holdStartTick
                0x00800166        0x2 main.o
 .bss._ZZ28check_and_send_overload_stopvE5state
                0x00800168        0x1 main.o
 .bss._ZZ28check_and_send_overload_stopvE4filt
                0x00800169        0x2 main.o
 .bss._ZZ28check_and_send_overload_stopvE8filtInit
                0x0080016b        0x1 main.o
 .bss._ZZ25update_adc_display_if_duevE11lastAdcTick
                0x0080016c        0x2 main.o
 .bss._ZZ13updateAdcModehjE13adcModeActive
                0x0080016e        0x1 main.o
 .bss._ZZ13updateAdcModehjE16toggledThisPress
                0x0080016f        0x1 main.o
 .bss._ZZ13updateAdcModehjE13holdStartTick
                0x00800170        0x2 main.o
 .bss._ZZ21show_adc_value_on_lcdvE7counter
                0x00800172        0x1 main.o
 .bss.SelectedTable
                0x00800173        0x1 main.o
                0x00800173                SelectedTable
 .bss.triggeredBitsHistory
                0x00800174        0x1 main.o
                0x00800174                triggeredBitsHistory
 .bss._ZL12sensorStates
                0x00800175        0x1 main.o
 .bss.timeCounter
                0x00800176        0x1 main.o
                0x00800176                timeCounter
 .bss.tickCounter
                0x00800177        0x2 main.o
                0x00800177                tickCounter
 .bss.isLocoMoving
                0x00800179        0x1 main.o
                0x00800179                isLocoMoving
 .bss.emergencyStopActive
                0x0080017a        0x1 main.o
                0x0080017a                emergencyStopActive
 .bss.routeSetupInProgress
                0x0080017b        0x1 scr/InitFile.o
                0x0080017b                routeSetupInProgress
 .bss.toggle.1825
                0x0080017c        0x1 scr/lcd.o
 .bss.counter.1826
                0x0080017d        0x1 scr/lcd.o
 .bss.pwmLastTick
                0x0080017e        0x4 scr/PWM.o
 .bss.pwmIncreasing
                0x00800182        0x1 scr/PWM.o
 .bss.lastTick.1799
                0x00800183        0x4 scr/railroad_control.o
 .bss.currentBit.1800
                0x00800187        0x1 scr/railroad_control.o
 .bss.initialized
                0x00800188        0x1 scr/railroad_control.o
 .bss.rail_switch_step_counter
                0x00800189        0x2 scr/timer0.o
                0x00800189                rail_switch_step_counter
 *(COMMON)
                0x0080018b                PROVIDE (__bss_end, .)
                0x000016f6                __data_load_start = LOADADDR (.data)
                0x0000175a                __data_load_end = (__data_load_start + SIZEOF (.data))

.noinit         0x0080018b        0x0
                [!provide]                PROVIDE (__noinit_start, .)
 *(.noinit*)
                [!provide]                PROVIDE (__noinit_end, .)
                0x0080018b                _end = .
                [!provide]                PROVIDE (__heap_start, .)

.eeprom         0x00810000        0x0
 *(.eeprom*)
                0x00810000                __eeprom_end = .

.fuse
 *(.fuse)
 *(.lfuse)
 *(.hfuse)
 *(.efuse)

.lock
 *(.lock*)

.signature
 *(.signature*)

.user_signatures
 *(.user_signatures*)

.stab
 *(.stab)

.stabstr
 *(.stabstr)

.stab.excl
 *(.stab.excl)

.stab.exclstr
 *(.stab.exclstr)

.stab.index
 *(.stab.index)

.stab.indexstr
 *(.stab.indexstr)

.comment        0x00000000       0x5c
 *(.comment)
 .comment       0x00000000       0x30 main.o
                                 0x31 (size before relaxing)
 .comment       0x00000030       0x31 scr/adcRead.o
 .comment       0x00000030       0x31 scr/InitFile.o
 .comment       0x00000030       0x31 scr/lcd.o
 .comment       0x00000030       0x31 scr/loco_control.o
 .comment       0x00000030       0x31 scr/PWM.o
 .comment       0x00000030       0x31 scr/railroad_control.o
 .comment       0x00000030       0x31 scr/shift_registers.o
 .comment       0x00000030       0x31 scr/timer0.o
 .comment       0x00000030       0x31 scr/uart.o
 .comment       0x00000030       0x31 c:/program files (x86)/atmel/studio/7.0/toolchain/avr8/avr8-gnu-toolchain/bin/../lib/gcc/avr/5.4.0/../../../../avr/lib/avr5\libc.a(snprintf.o)
 .comment       0x00000030       0x2c c:/program files (x86)/atmel/studio/7.0/toolchain/avr8/avr8-gnu-toolchain/bin/../lib/gcc/avr/5.4.0/../../../../avr/lib/avr5\libc.a(vfprintf_std.o)
                                 0x2d (size before relaxing)
 .comment       0x0000005c       0x31 c:/program files (x86)/atmel/studio/7.0/toolchain/avr8/avr8-gnu-toolchain/bin/../lib/gcc/avr/5.4.0/../../../../avr/lib/avr5\libc.a(fputc.o)

.note.gnu.avr.deviceinfo
                0x00000000       0x40
 .note.gnu.avr.deviceinfo
                0x00000000       0x40 C:/Program Files (x86)/Atmel/Studio/7.0/Packs/atmel/ATmega_DFP/1.7.374/gcc/dev/atmega328p/avr5/crtatmega328p.o

.note.gnu.build-id
 *(.note.gnu.build-id)

.debug
 *(.debug)

.line
 *(.line)

.debug_srcinfo
 *(.debug_srcinfo)

.debug_sfnames
 *(.debug_sfnames)

.debug_aranges  0x00000000      0x2f8
 *(.debug_aranges)
 .debug_aranges
                0x00000000       0x78 main.o
 .debug_aranges
                0x00000078       0x28 scr/adcRead.o
 .debug_aranges
                0x000000a0       0x20 scr/InitFile.o
 .debug_aranges
                0x000000c0       0x98 scr/lcd.o
 .debug_aranges
                0x00000158       0x50 scr/loco_control.o
 .debug_aranges
                0x000001a8       0x50 scr/PWM.o
 .debug_aranges
                0x000001f8       0x28 scr/railroad_control.o
 .debug_aranges
                0x00000220       0x48 scr/shift_registers.o
 .debug_aranges
                0x00000268       0x28 scr/timer0.o
 .debug_aranges
                0x00000290       0x68 scr/uart.o

.debug_pubnames
 *(.debug_pubnames)

.debug_info     0x00000000     0x2b36
 *(.debug_info .gnu.linkonce.wi.*)
 .debug_info    0x00000000      0x5f4 C:/Program Files (x86)/Atmel/Studio/7.0/Packs/atmel/ATmega_DFP/1.7.374/gcc/dev/atmega328p/avr5/crtatmega328p.o
 .debug_info    0x000005f4      0x922 main.o
 .debug_info    0x00000f16       0xb8 scr/adcRead.o
 .debug_info    0x00000fce      0x252 scr/InitFile.o
 .debug_info    0x00001220      0xa0d scr/lcd.o
 .debug_info    0x00001c2d      0x32f scr/loco_control.o
 .debug_info    0x00001f5c      0x17e scr/PWM.o
 .debug_info    0x000020da      0x1c4 scr/railroad_control.o
 .debug_info    0x0000229e      0x345 scr/shift_registers.o
 .debug_info    0x000025e3       0xbb scr/timer0.o
 .debug_info    0x0000269e      0x498 scr/uart.o

.debug_abbrev   0x00000000     0x12bd
 *(.debug_abbrev)
 .debug_abbrev  0x00000000      0x5a2 C:/Program Files (x86)/Atmel/Studio/7.0/Packs/atmel/ATmega_DFP/1.7.374/gcc/dev/atmega328p/avr5/crtatmega328p.o
 .debug_abbrev  0x000005a2      0x23a main.o
 .debug_abbrev  0x000007dc       0x7a scr/adcRead.o
 .debug_abbrev  0x00000856       0xde scr/InitFile.o
 .debug_abbrev  0x00000934      0x21c scr/lcd.o
 .debug_abbrev  0x00000b50      0x15c scr/loco_control.o
 .debug_abbrev  0x00000cac       0xe5 scr/PWM.o
 .debug_abbrev  0x00000d91      0x10c scr/railroad_control.o
 .debug_abbrev  0x00000e9d      0x1bb scr/shift_registers.o
 .debug_abbrev  0x00001058       0x81 scr/timer0.o
 .debug_abbrev  0x000010d9      0x1e4 scr/uart.o

.debug_line     0x00000000     0x19e9
 *(.debug_line .debug_line.* .debug_line_end)
 .debug_line    0x00000000      0x134 C:/Program Files (x86)/Atmel/Studio/7.0/Packs/atmel/ATmega_DFP/1.7.374/gcc/dev/atmega328p/avr5/crtatmega328p.o
 .debug_line    0x00000134      0x570 main.o
 .debug_line    0x000006a4       0xe2 scr/adcRead.o
 .debug_line    0x00000786      0x166 scr/InitFile.o
 .debug_line    0x000008ec      0x4bd scr/lcd.o
 .debug_line    0x00000da9      0x1fc scr/loco_control.o
 .debug_line    0x00000fa5      0x1b8 scr/PWM.o
 .debug_line    0x0000115d      0x1a0 scr/railroad_control.o
 .debug_line    0x000012fd      0x2b2 scr/shift_registers.o
 .debug_line    0x000015af       0xd9 scr/timer0.o
 .debug_line    0x00001688      0x361 scr/uart.o

.debug_frame    0x00000000      0x6f0
 *(.debug_frame)
 .debug_frame   0x00000000      0x11c main.o
 .debug_frame   0x0000011c       0x34 scr/adcRead.o
 .debug_frame   0x00000150       0x34 scr/InitFile.o
 .debug_frame   0x00000184      0x1d4 scr/lcd.o
 .debug_frame   0x00000358       0xc4 scr/loco_control.o
 .debug_frame   0x0000041c       0x84 scr/PWM.o
 .debug_frame   0x000004a0       0x50 scr/railroad_control.o
 .debug_frame   0x000004f0       0x98 scr/shift_registers.o
 .debug_frame   0x00000588       0x48 scr/timer0.o
 .debug_frame   0x000005d0      0x120 scr/uart.o

.debug_str      0x00000000      0xd8d
 *(.debug_str)
 .debug_str     0x00000000      0x208 C:/Program Files (x86)/Atmel/Studio/7.0/Packs/atmel/ATmega_DFP/1.7.374/gcc/dev/atmega328p/avr5/crtatmega328p.o
 .debug_str     0x00000208      0x6ba main.o
                                0x738 (size before relaxing)
 .debug_str     0x000008c2       0xcd scr/adcRead.o
                                0x199 (size before relaxing)
 .debug_str     0x0000098f       0x9c scr/InitFile.o
                                0x250 (size before relaxing)
 .debug_str     0x00000a2b      0x14c scr/lcd.o
                                0x359 (size before relaxing)
 .debug_str     0x00000b77       0x9d scr/loco_control.o
                                0x277 (size before relaxing)
 .debug_str     0x00000c14       0x56 scr/PWM.o
                                0x21b (size before relaxing)
 .debug_str     0x00000c6a       0x48 scr/railroad_control.o
                                0x268 (size before relaxing)
 .debug_str     0x00000cb2       0x3e scr/shift_registers.o
                                0x240 (size before relaxing)
 .debug_str     0x00000cf0       0x1c scr/timer0.o
                                0x1af (size before relaxing)
 .debug_str     0x00000d0c       0x81 scr/uart.o
                                0x27d (size before relaxing)

.debug_loc      0x00000000     0x162b
 *(.debug_loc)
 .debug_loc     0x00000000      0x3b8 main.o
 .debug_loc     0x000003b8       0x2e scr/adcRead.o
 .debug_loc     0x000003e6       0x48 scr/InitFile.o
 .debug_loc     0x0000042e      0x872 scr/lcd.o
 .debug_loc     0x00000ca0      0x162 scr/loco_control.o
 .debug_loc     0x00000e02       0xc0 scr/railroad_control.o
 .debug_loc     0x00000ec2      0x281 scr/shift_registers.o
 .debug_loc     0x00001143       0x49 scr/timer0.o
 .debug_loc     0x0000118c      0x49f scr/uart.o

.debug_macinfo
 *(.debug_macinfo)

.debug_weaknames
 *(.debug_weaknames)

.debug_funcnames
 *(.debug_funcnames)

.debug_typenames
 *(.debug_typenames)

.debug_varnames
 *(.debug_varnames)

.debug_pubtypes
 *(.debug_pubtypes)

.debug_ranges   0x00000000      0x288
 *(.debug_ranges)
 .debug_ranges  0x00000000       0x68 main.o
 .debug_ranges  0x00000068       0x18 scr/adcRead.o
 .debug_ranges  0x00000080       0x10 scr/InitFile.o
 .debug_ranges  0x00000090       0x88 scr/lcd.o
 .debug_ranges  0x00000118       0x40 scr/loco_control.o
 .debug_ranges  0x00000158       0x40 scr/PWM.o
 .debug_ranges  0x00000198       0x18 scr/railroad_control.o
 .debug_ranges  0x000001b0       0x50 scr/shift_registers.o
 .debug_ranges  0x00000200       0x18 scr/timer0.o
 .debug_ranges  0x00000218       0x70 scr/uart.o

.debug_macro
 *(.debug_macro)
OUTPUT(CafeTrainAtmega328.elf elf32-avr)
LOAD linker stubs
