Archive member included to satisfy reference by file (symbol)

c:/program files (x86)/atmel/studio/7.0/toolchain/avr8/avr8-gnu-toolchain/bin/../lib/gcc/avr/5.4.0/avr5\libgcc.a(_divmodhi4.o)
                              scr/lcd.o (__divmodhi4)
c:/program files (x86)/atmel/studio/7.0/toolchain/avr8/avr8-gnu-toolchain/bin/../lib/gcc/avr/5.4.0/avr5\libgcc.a(_exit.o)
                              C:/Program Files (x86)/Atmel/Studio/7.0/Packs/atmel/ATmega_DFP/1.7.374/gcc/dev/atmega328p/avr5/crtatmega328p.o (exit)
c:/program files (x86)/atmel/studio/7.0/toolchain/avr8/avr8-gnu-toolchain/bin/../lib/gcc/avr/5.4.0/avr5\libgcc.a(_copy_data.o)
                              scr/adcRead.o (__do_copy_data)
c:/program files (x86)/atmel/studio/7.0/toolchain/avr8/avr8-gnu-toolchain/bin/../lib/gcc/avr/5.4.0/avr5\libgcc.a(_clear_bss.o)
                              scr/adcRead.o (__do_clear_bss)
c:/program files (x86)/atmel/studio/7.0/toolchain/avr8/avr8-gnu-toolchain/bin/../lib/gcc/avr/5.4.0/avr5\libgcc.a(_udivmodhi4.o)
                              c:/program files (x86)/atmel/studio/7.0/toolchain/avr8/avr8-gnu-toolchain/bin/../lib/gcc/avr/5.4.0/avr5\libgcc.a(_divmodhi4.o) (__udivmodhi4)
c:/program files (x86)/atmel/studio/7.0/toolchain/avr8/avr8-gnu-toolchain/bin/../lib/gcc/avr/5.4.0/../../../../avr/lib/avr5\libc.a(memset.o)
                              scr/lcd.o (memset)
c:/program files (x86)/atmel/studio/7.0/toolchain/avr8/avr8-gnu-toolchain/bin/../lib/gcc/avr/5.4.0/../../../../avr/lib/avr5\libc.a(snprintf.o)
                              scr/adcRead.o (snprintf)
c:/program files (x86)/atmel/studio/7.0/toolchain/avr8/avr8-gnu-toolchain/bin/../lib/gcc/avr/5.4.0/../../../../avr/lib/avr5\libc.a(vfprintf_std.o)
                              c:/program files (x86)/atmel/studio/7.0/toolchain/avr8/avr8-gnu-toolchain/bin/../lib/gcc/avr/5.4.0/../../../../avr/lib/avr5\libc.a(snprintf.o) (vfprintf)
c:/program files (x86)/atmel/studio/7.0/toolchain/avr8/avr8-gnu-toolchain/bin/../lib/gcc/avr/5.4.0/../../../../avr/lib/avr5\libc.a(strnlen_P.o)
                              c:/program files (x86)/atmel/studio/7.0/toolchain/avr8/avr8-gnu-toolchain/bin/../lib/gcc/avr/5.4.0/../../../../avr/lib/avr5\libc.a(vfprintf_std.o) (strnlen_P)
c:/program files (x86)/atmel/studio/7.0/toolchain/avr8/avr8-gnu-toolchain/bin/../lib/gcc/avr/5.4.0/../../../../avr/lib/avr5\libc.a(strnlen.o)
                              c:/program files (x86)/atmel/studio/7.0/toolchain/avr8/avr8-gnu-toolchain/bin/../lib/gcc/avr/5.4.0/../../../../avr/lib/avr5\libc.a(vfprintf_std.o) (strnlen)
c:/program files (x86)/atmel/studio/7.0/toolchain/avr8/avr8-gnu-toolchain/bin/../lib/gcc/avr/5.4.0/../../../../avr/lib/avr5\libc.a(fputc.o)
                              c:/program files (x86)/atmel/studio/7.0/toolchain/avr8/avr8-gnu-toolchain/bin/../lib/gcc/avr/5.4.0/../../../../avr/lib/avr5\libc.a(vfprintf_std.o) (fputc)
c:/program files (x86)/atmel/studio/7.0/toolchain/avr8/avr8-gnu-toolchain/bin/../lib/gcc/avr/5.4.0/../../../../avr/lib/avr5\libc.a(ultoa_invert.o)
                              c:/program files (x86)/atmel/studio/7.0/toolchain/avr8/avr8-gnu-toolchain/bin/../lib/gcc/avr/5.4.0/../../../../avr/lib/avr5\libc.a(vfprintf_std.o) (__ultoa_invert)
c:/program files (x86)/atmel/studio/7.0/toolchain/avr8/avr8-gnu-toolchain/bin/../lib/gcc/avr/5.4.0/avr5\libgcc.a(_prologue.o)
                              c:/program files (x86)/atmel/studio/7.0/toolchain/avr8/avr8-gnu-toolchain/bin/../lib/gcc/avr/5.4.0/../../../../avr/lib/avr5\libc.a(snprintf.o) (__prologue_saves__)
c:/program files (x86)/atmel/studio/7.0/toolchain/avr8/avr8-gnu-toolchain/bin/../lib/gcc/avr/5.4.0/avr5\libgcc.a(_epilogue.o)
                              c:/program files (x86)/atmel/studio/7.0/toolchain/avr8/avr8-gnu-toolchain/bin/../lib/gcc/avr/5.4.0/../../../../avr/lib/avr5\libc.a(snprintf.o) (__epilogue_restores__)

Discarded input sections

 .data          0x00000000        0x0 C:/Program Files (x86)/Atmel/Studio/7.0/Packs/atmel/ATmega_DFP/1.7.374/gcc/dev/atmega328p/avr5/crtatmega328p.o
 .bss           0x00000000        0x0 C:/Program Files (x86)/Atmel/Studio/7.0/Packs/atmel/ATmega_DFP/1.7.374/gcc/dev/atmega328p/avr5/crtatmega328p.o
 .text          0x00000000        0x0 main.o
 .data          0x00000000        0x0 main.o
 .bss           0x00000000        0x0 main.o
 .text          0x00000000        0x0 scr/adcRead.o
 .data          0x00000000        0x0 scr/adcRead.o
 .bss           0x00000000        0x0 scr/adcRead.o
 .text          0x00000000        0x0 scr/InitFile.o
 .data          0x00000000        0x0 scr/InitFile.o
 .bss           0x00000000        0x0 scr/InitFile.o
 .text          0x00000000        0x0 scr/lcd.o
 .data          0x00000000        0x0 scr/lcd.o
 .bss           0x00000000        0x0 scr/lcd.o
 .text.LCD_ClearLine
                0x00000000       0x2c scr/lcd.o
 .text          0x00000000        0x0 scr/loco_control.o
 .data          0x00000000        0x0 scr/loco_control.o
 .bss           0x00000000        0x0 scr/loco_control.o
 .text          0x00000000        0x0 scr/protection.o
 .data          0x00000000        0x0 scr/protection.o
 .bss           0x00000000        0x0 scr/protection.o
 .text          0x00000000        0x0 scr/PWM.o
 .data          0x00000000        0x0 scr/PWM.o
 .bss           0x00000000        0x0 scr/PWM.o
 .text.isPWMUpRunning
                0x00000000        0x6 scr/PWM.o
 .text.LocomotiveSpeedDown
                0x00000000        0x2 scr/PWM.o
 .text          0x00000000        0x0 scr/railroad_control.o
 .data          0x00000000        0x0 scr/railroad_control.o
 .bss           0x00000000        0x0 scr/railroad_control.o
 .text          0x00000000        0x0 scr/shift_registers.o
 .data          0x00000000        0x0 scr/shift_registers.o
 .bss           0x00000000        0x0 scr/shift_registers.o
 .text          0x00000000        0x0 scr/timer0.o
 .data          0x00000000        0x0 scr/timer0.o
 .bss           0x00000000        0x0 scr/timer0.o
 .text          0x00000000        0x0 scr/uart.o
 .data          0x00000000        0x0 scr/uart.o
 .bss           0x00000000        0x0 scr/uart.o
 .text.send_nack
                0x00000000        0xc scr/uart.o
 .text          0x00000000        0x0 c:/program files (x86)/atmel/studio/7.0/toolchain/avr8/avr8-gnu-toolchain/bin/../lib/gcc/avr/5.4.0/avr5\libgcc.a(_divmodhi4.o)
 .data          0x00000000        0x0 c:/program files (x86)/atmel/studio/7.0/toolchain/avr8/avr8-gnu-toolchain/bin/../lib/gcc/avr/5.4.0/avr5\libgcc.a(_divmodhi4.o)
 .bss           0x00000000        0x0 c:/program files (x86)/atmel/studio/7.0/toolchain/avr8/avr8-gnu-toolchain/bin/../lib/gcc/avr/5.4.0/avr5\libgcc.a(_divmodhi4.o)
 .text.libgcc.mul
                0x00000000        0x0 c:/program files (x86)/atmel/studio/7.0/toolchain/avr8/avr8-gnu-toolchain/bin/../lib/gcc/avr/5.4.0/avr5\libgcc.a(_divmodhi4.o)
 .text.libgcc   0x00000000        0x0 c:/program files (x86)/atmel/studio/7.0/toolchain/avr8/avr8-gnu-toolchain/bin/../lib/gcc/avr/5.4.0/avr5\libgcc.a(_divmodhi4.o)
 .text.libgcc.prologue
                0x00000000        0x0 c:/program files (x86)/atmel/studio/7.0/toolchain/avr8/avr8-gnu-toolchain/bin/../lib/gcc/avr/5.4.0/avr5\libgcc.a(_divmodhi4.o)
 .text.libgcc.builtins
                0x00000000        0x0 c:/program files (x86)/atmel/studio/7.0/toolchain/avr8/avr8-gnu-toolchain/bin/../lib/gcc/avr/5.4.0/avr5\libgcc.a(_divmodhi4.o)
 .text.libgcc.fmul
                0x00000000        0x0 c:/program files (x86)/atmel/studio/7.0/toolchain/avr8/avr8-gnu-toolchain/bin/../lib/gcc/avr/5.4.0/avr5\libgcc.a(_divmodhi4.o)
 .text.libgcc.fixed
                0x00000000        0x0 c:/program files (x86)/atmel/studio/7.0/toolchain/avr8/avr8-gnu-toolchain/bin/../lib/gcc/avr/5.4.0/avr5\libgcc.a(_divmodhi4.o)
 .text          0x00000000        0x0 c:/program files (x86)/atmel/studio/7.0/toolchain/avr8/avr8-gnu-toolchain/bin/../lib/gcc/avr/5.4.0/avr5\libgcc.a(_exit.o)
 .data          0x00000000        0x0 c:/program files (x86)/atmel/studio/7.0/toolchain/avr8/avr8-gnu-toolchain/bin/../lib/gcc/avr/5.4.0/avr5\libgcc.a(_exit.o)
 .bss           0x00000000        0x0 c:/program files (x86)/atmel/studio/7.0/toolchain/avr8/avr8-gnu-toolchain/bin/../lib/gcc/avr/5.4.0/avr5\libgcc.a(_exit.o)
 .text.libgcc.mul
                0x00000000        0x0 c:/program files (x86)/atmel/studio/7.0/toolchain/avr8/avr8-gnu-toolchain/bin/../lib/gcc/avr/5.4.0/avr5\libgcc.a(_exit.o)
 .text.libgcc.div
                0x00000000        0x0 c:/program files (x86)/atmel/studio/7.0/toolchain/avr8/avr8-gnu-toolchain/bin/../lib/gcc/avr/5.4.0/avr5\libgcc.a(_exit.o)
 .text.libgcc   0x00000000        0x0 c:/program files (x86)/atmel/studio/7.0/toolchain/avr8/avr8-gnu-toolchain/bin/../lib/gcc/avr/5.4.0/avr5\libgcc.a(_exit.o)
 .text.libgcc.prologue
                0x00000000        0x0 c:/program files (x86)/atmel/studio/7.0/toolchain/avr8/avr8-gnu-toolchain/bin/../lib/gcc/avr/5.4.0/avr5\libgcc.a(_exit.o)
 .text.libgcc.builtins
                0x00000000        0x0 c:/program files (x86)/atmel/studio/7.0/toolchain/avr8/avr8-gnu-toolchain/bin/../lib/gcc/avr/5.4.0/avr5\libgcc.a(_exit.o)
 .text.libgcc.fmul
                0x00000000        0x0 c:/program files (x86)/atmel/studio/7.0/toolchain/avr8/avr8-gnu-toolchain/bin/../lib/gcc/avr/5.4.0/avr5\libgcc.a(_exit.o)
 .text.libgcc.fixed
                0x00000000        0x0 c:/program files (x86)/atmel/studio/7.0/toolchain/avr8/avr8-gnu-toolchain/bin/../lib/gcc/avr/5.4.0/avr5\libgcc.a(_exit.o)
 .text          0x00000000        0x0 c:/program files (x86)/atmel/studio/7.0/toolchain/avr8/avr8-gnu-toolchain/bin/../lib/gcc/avr/5.4.0/avr5\libgcc.a(_copy_data.o)
 .data          0x00000000        0x0 c:/program files (x86)/atmel/studio/7.0/toolchain/avr8/avr8-gnu-toolchain/bin/../lib/gcc/avr/5.4.0/avr5\libgcc.a(_copy_data.o)
 .bss           0x00000000        0x0 c:/program files (x86)/atmel/studio/7.0/toolchain/avr8/avr8-gnu-toolchain/bin/../lib/gcc/avr/5.4.0/avr5\libgcc.a(_copy_data.o)
 .text.libgcc.mul
                0x00000000        0x0 c:/program files (x86)/atmel/studio/7.0/toolchain/avr8/avr8-gnu-toolchain/bin/../lib/gcc/avr/5.4.0/avr5\libgcc.a(_copy_data.o)
 .text.libgcc.div
                0x00000000        0x0 c:/program files (x86)/atmel/studio/7.0/toolchain/avr8/avr8-gnu-toolchain/bin/../lib/gcc/avr/5.4.0/avr5\libgcc.a(_copy_data.o)
 .text.libgcc   0x00000000        0x0 c:/program files (x86)/atmel/studio/7.0/toolchain/avr8/avr8-gnu-toolchain/bin/../lib/gcc/avr/5.4.0/avr5\libgcc.a(_copy_data.o)
 .text.libgcc.prologue
                0x00000000        0x0 c:/program files (x86)/atmel/studio/7.0/toolchain/avr8/avr8-gnu-toolchain/bin/../lib/gcc/avr/5.4.0/avr5\libgcc.a(_copy_data.o)
 .text.libgcc.builtins
                0x00000000        0x0 c:/program files (x86)/atmel/studio/7.0/toolchain/avr8/avr8-gnu-toolchain/bin/../lib/gcc/avr/5.4.0/avr5\libgcc.a(_copy_data.o)
 .text.libgcc.fmul
                0x00000000        0x0 c:/program files (x86)/atmel/studio/7.0/toolchain/avr8/avr8-gnu-toolchain/bin/../lib/gcc/avr/5.4.0/avr5\libgcc.a(_copy_data.o)
 .text.libgcc.fixed
                0x00000000        0x0 c:/program files (x86)/atmel/studio/7.0/toolchain/avr8/avr8-gnu-toolchain/bin/../lib/gcc/avr/5.4.0/avr5\libgcc.a(_copy_data.o)
 .text          0x00000000        0x0 c:/program files (x86)/atmel/studio/7.0/toolchain/avr8/avr8-gnu-toolchain/bin/../lib/gcc/avr/5.4.0/avr5\libgcc.a(_clear_bss.o)
 .data          0x00000000        0x0 c:/program files (x86)/atmel/studio/7.0/toolchain/avr8/avr8-gnu-toolchain/bin/../lib/gcc/avr/5.4.0/avr5\libgcc.a(_clear_bss.o)
 .bss           0x00000000        0x0 c:/program files (x86)/atmel/studio/7.0/toolchain/avr8/avr8-gnu-toolchain/bin/../lib/gcc/avr/5.4.0/avr5\libgcc.a(_clear_bss.o)
 .text.libgcc.mul
                0x00000000        0x0 c:/program files (x86)/atmel/studio/7.0/toolchain/avr8/avr8-gnu-toolchain/bin/../lib/gcc/avr/5.4.0/avr5\libgcc.a(_clear_bss.o)
 .text.libgcc.div
                0x00000000        0x0 c:/program files (x86)/atmel/studio/7.0/toolchain/avr8/avr8-gnu-toolchain/bin/../lib/gcc/avr/5.4.0/avr5\libgcc.a(_clear_bss.o)
 .text.libgcc   0x00000000        0x0 c:/program files (x86)/atmel/studio/7.0/toolchain/avr8/avr8-gnu-toolchain/bin/../lib/gcc/avr/5.4.0/avr5\libgcc.a(_clear_bss.o)
 .text.libgcc.prologue
                0x00000000        0x0 c:/program files (x86)/atmel/studio/7.0/toolchain/avr8/avr8-gnu-toolchain/bin/../lib/gcc/avr/5.4.0/avr5\libgcc.a(_clear_bss.o)
 .text.libgcc.builtins
                0x00000000        0x0 c:/program files (x86)/atmel/studio/7.0/toolchain/avr8/avr8-gnu-toolchain/bin/../lib/gcc/avr/5.4.0/avr5\libgcc.a(_clear_bss.o)
 .text.libgcc.fmul
                0x00000000        0x0 c:/program files (x86)/atmel/studio/7.0/toolchain/avr8/avr8-gnu-toolchain/bin/../lib/gcc/avr/5.4.0/avr5\libgcc.a(_clear_bss.o)
 .text.libgcc.fixed
                0x00000000        0x0 c:/program files (x86)/atmel/studio/7.0/toolchain/avr8/avr8-gnu-toolchain/bin/../lib/gcc/avr/5.4.0/avr5\libgcc.a(_clear_bss.o)
 .text          0x00000000        0x0 c:/program files (x86)/atmel/studio/7.0/toolchain/avr8/avr8-gnu-toolchain/bin/../lib/gcc/avr/5.4.0/avr5\libgcc.a(_udivmodhi4.o)
 .data          0x00000000        0x0 c:/program files (x86)/atmel/studio/7.0/toolchain/avr8/avr8-gnu-toolchain/bin/../lib/gcc/avr/5.4.0/avr5\libgcc.a(_udivmodhi4.o)
 .bss           0x00000000        0x0 c:/program files (x86)/atmel/studio/7.0/toolchain/avr8/avr8-gnu-toolchain/bin/../lib/gcc/avr/5.4.0/avr5\libgcc.a(_udivmodhi4.o)
 .text.libgcc.mul
                0x00000000        0x0 c:/program files (x86)/atmel/studio/7.0/toolchain/avr8/avr8-gnu-toolchain/bin/../lib/gcc/avr/5.4.0/avr5\libgcc.a(_udivmodhi4.o)
 .text.libgcc   0x00000000        0x0 c:/program files (x86)/atmel/studio/7.0/toolchain/avr8/avr8-gnu-toolchain/bin/../lib/gcc/avr/5.4.0/avr5\libgcc.a(_udivmodhi4.o)
 .text.libgcc.prologue
                0x00000000        0x0 c:/program files (x86)/atmel/studio/7.0/toolchain/avr8/avr8-gnu-toolchain/bin/../lib/gcc/avr/5.4.0/avr5\libgcc.a(_udivmodhi4.o)
 .text.libgcc.builtins
                0x00000000        0x0 c:/program files (x86)/atmel/studio/7.0/toolchain/avr8/avr8-gnu-toolchain/bin/../lib/gcc/avr/5.4.0/avr5\libgcc.a(_udivmodhi4.o)
 .text.libgcc.fmul
                0x00000000        0x0 c:/program files (x86)/atmel/studio/7.0/toolchain/avr8/avr8-gnu-toolchain/bin/../lib/gcc/avr/5.4.0/avr5\libgcc.a(_udivmodhi4.o)
 .text.libgcc.fixed
                0x00000000        0x0 c:/program files (x86)/atmel/studio/7.0/toolchain/avr8/avr8-gnu-toolchain/bin/../lib/gcc/avr/5.4.0/avr5\libgcc.a(_udivmodhi4.o)
 .text          0x00000000        0x0 c:/program files (x86)/atmel/studio/7.0/toolchain/avr8/avr8-gnu-toolchain/bin/../lib/gcc/avr/5.4.0/../../../../avr/lib/avr5\libc.a(memset.o)
 .data          0x00000000        0x0 c:/program files (x86)/atmel/studio/7.0/toolchain/avr8/avr8-gnu-toolchain/bin/../lib/gcc/avr/5.4.0/../../../../avr/lib/avr5\libc.a(memset.o)
 .bss           0x00000000        0x0 c:/program files (x86)/atmel/studio/7.0/toolchain/avr8/avr8-gnu-toolchain/bin/../lib/gcc/avr/5.4.0/../../../../avr/lib/avr5\libc.a(memset.o)
 .text          0x00000000        0x0 c:/program files (x86)/atmel/studio/7.0/toolchain/avr8/avr8-gnu-toolchain/bin/../lib/gcc/avr/5.4.0/../../../../avr/lib/avr5\libc.a(snprintf.o)
 .data          0x00000000        0x0 c:/program files (x86)/atmel/studio/7.0/toolchain/avr8/avr8-gnu-toolchain/bin/../lib/gcc/avr/5.4.0/../../../../avr/lib/avr5\libc.a(snprintf.o)
 .bss           0x00000000        0x0 c:/program files (x86)/atmel/studio/7.0/toolchain/avr8/avr8-gnu-toolchain/bin/../lib/gcc/avr/5.4.0/../../../../avr/lib/avr5\libc.a(snprintf.o)
 .text          0x00000000        0x0 c:/program files (x86)/atmel/studio/7.0/toolchain/avr8/avr8-gnu-toolchain/bin/../lib/gcc/avr/5.4.0/../../../../avr/lib/avr5\libc.a(vfprintf_std.o)
 .data          0x00000000        0x0 c:/program files (x86)/atmel/studio/7.0/toolchain/avr8/avr8-gnu-toolchain/bin/../lib/gcc/avr/5.4.0/../../../../avr/lib/avr5\libc.a(vfprintf_std.o)
 .bss           0x00000000        0x0 c:/program files (x86)/atmel/studio/7.0/toolchain/avr8/avr8-gnu-toolchain/bin/../lib/gcc/avr/5.4.0/../../../../avr/lib/avr5\libc.a(vfprintf_std.o)
 .text          0x00000000        0x0 c:/program files (x86)/atmel/studio/7.0/toolchain/avr8/avr8-gnu-toolchain/bin/../lib/gcc/avr/5.4.0/../../../../avr/lib/avr5\libc.a(strnlen_P.o)
 .data          0x00000000        0x0 c:/program files (x86)/atmel/studio/7.0/toolchain/avr8/avr8-gnu-toolchain/bin/../lib/gcc/avr/5.4.0/../../../../avr/lib/avr5\libc.a(strnlen_P.o)
 .bss           0x00000000        0x0 c:/program files (x86)/atmel/studio/7.0/toolchain/avr8/avr8-gnu-toolchain/bin/../lib/gcc/avr/5.4.0/../../../../avr/lib/avr5\libc.a(strnlen_P.o)
 .text          0x00000000        0x0 c:/program files (x86)/atmel/studio/7.0/toolchain/avr8/avr8-gnu-toolchain/bin/../lib/gcc/avr/5.4.0/../../../../avr/lib/avr5\libc.a(strnlen.o)
 .data          0x00000000        0x0 c:/program files (x86)/atmel/studio/7.0/toolchain/avr8/avr8-gnu-toolchain/bin/../lib/gcc/avr/5.4.0/../../../../avr/lib/avr5\libc.a(strnlen.o)
 .bss           0x00000000        0x0 c:/program files (x86)/atmel/studio/7.0/toolchain/avr8/avr8-gnu-toolchain/bin/../lib/gcc/avr/5.4.0/../../../../avr/lib/avr5\libc.a(strnlen.o)
 .text          0x00000000        0x0 c:/program files (x86)/atmel/studio/7.0/toolchain/avr8/avr8-gnu-toolchain/bin/../lib/gcc/avr/5.4.0/../../../../avr/lib/avr5\libc.a(fputc.o)
 .data          0x00000000        0x0 c:/program files (x86)/atmel/studio/7.0/toolchain/avr8/avr8-gnu-toolchain/bin/../lib/gcc/avr/5.4.0/../../../../avr/lib/avr5\libc.a(fputc.o)
 .bss           0x00000000        0x0 c:/program files (x86)/atmel/studio/7.0/toolchain/avr8/avr8-gnu-toolchain/bin/../lib/gcc/avr/5.4.0/../../../../avr/lib/avr5\libc.a(fputc.o)
 .text          0x00000000        0x0 c:/program files (x86)/atmel/studio/7.0/toolchain/avr8/avr8-gnu-toolchain/bin/../lib/gcc/avr/5.4.0/../../../../avr/lib/avr5\libc.a(ultoa_invert.o)
 .data          0x00000000        0x0 c:/program files (x86)/atmel/studio/7.0/toolchain/avr8/avr8-gnu-toolchain/bin/../lib/gcc/avr/5.4.0/../../../../avr/lib/avr5\libc.a(ultoa_invert.o)
 .bss           0x00000000        0x0 c:/program files (x86)/atmel/studio/7.0/toolchain/avr8/avr8-gnu-toolchain/bin/../lib/gcc/avr/5.4.0/../../../../avr/lib/avr5\libc.a(ultoa_invert.o)
 .text          0x00000000        0x0 c:/program files (x86)/atmel/studio/7.0/toolchain/avr8/avr8-gnu-toolchain/bin/../lib/gcc/avr/5.4.0/avr5\libgcc.a(_prologue.o)
 .data          0x00000000        0x0 c:/program files (x86)/atmel/studio/7.0/toolchain/avr8/avr8-gnu-toolchain/bin/../lib/gcc/avr/5.4.0/avr5\libgcc.a(_prologue.o)
 .bss           0x00000000        0x0 c:/program files (x86)/atmel/studio/7.0/toolchain/avr8/avr8-gnu-toolchain/bin/../lib/gcc/avr/5.4.0/avr5\libgcc.a(_prologue.o)
 .text.libgcc.mul
                0x00000000        0x0 c:/program files (x86)/atmel/studio/7.0/toolchain/avr8/avr8-gnu-toolchain/bin/../lib/gcc/avr/5.4.0/avr5\libgcc.a(_prologue.o)
 .text.libgcc.div
                0x00000000        0x0 c:/program files (x86)/atmel/studio/7.0/toolchain/avr8/avr8-gnu-toolchain/bin/../lib/gcc/avr/5.4.0/avr5\libgcc.a(_prologue.o)
 .text.libgcc   0x00000000        0x0 c:/program files (x86)/atmel/studio/7.0/toolchain/avr8/avr8-gnu-toolchain/bin/../lib/gcc/avr/5.4.0/avr5\libgcc.a(_prologue.o)
 .text.libgcc.builtins
                0x00000000        0x0 c:/program files (x86)/atmel/studio/7.0/toolchain/avr8/avr8-gnu-toolchain/bin/../lib/gcc/avr/5.4.0/avr5\libgcc.a(_prologue.o)
 .text.libgcc.fmul
                0x00000000        0x0 c:/program files (x86)/atmel/studio/7.0/toolchain/avr8/avr8-gnu-toolchain/bin/../lib/gcc/avr/5.4.0/avr5\libgcc.a(_prologue.o)
 .text.libgcc.fixed
                0x00000000        0x0 c:/program files (x86)/atmel/studio/7.0/toolchain/avr8/avr8-gnu-toolchain/bin/../lib/gcc/avr/5.4.0/avr5\libgcc.a(_prologue.o)
 .text          0x00000000        0x0 c:/program files (x86)/atmel/studio/7.0/toolchain/avr8/avr8-gnu-toolchain/bin/../lib/gcc/avr/5.4.0/avr5\libgcc.a(_epilogue.o)
 .data          0x00000000        0x0 c:/program files (x86)/atmel/studio/7.0/toolchain/avr8/avr8-gnu-toolchain/bin/../lib/gcc/avr/5.4.0/avr5\libgcc.a(_epilogue.o)
 .bss           0x00000000        0x0 c:/program files (x86)/atmel/studio/7.0/toolchain/avr8/avr8-gnu-toolchain/bin/../lib/gcc/avr/5.4.0/avr5\libgcc.a(_epilogue.o)
 .text.libgcc.mul
                0x00000000        0x0 c:/program files (x86)/atmel/studio/7.0/toolchain/avr8/avr8-gnu-toolchain/bin/../lib/gcc/avr/5.4.0/avr5\libgcc.a(_epilogue.o)
 .text.libgcc.div
                0x00000000        0x0 c:/program files (x86)/atmel/studio/7.0/toolchain/avr8/avr8-gnu-toolchain/bin/../lib/gcc/avr/5.4.0/avr5\libgcc.a(_epilogue.o)
 .text.libgcc   0x00000000        0x0 c:/program files (x86)/atmel/studio/7.0/toolchain/avr8/avr8-gnu-toolchain/bin/../lib/gcc/avr/5.4.0/avr5\libgcc.a(_epilogue.o)
 .text.libgcc.builtins
                0x00000000        0x0 c:/program files (x86)/atmel/studio/7.0/toolchain/avr8/avr8-gnu-toolchain/bin/../lib/gcc/avr/5.4.0/avr5\libgcc.a(_epilogue.o)
 .text.libgcc.fmul
                0x00000000        0x0 c:/program files (x86)/atmel/studio/7.0/toolchain/avr8/avr8-gnu-toolchain/bin/../lib/gcc/avr/5.4.0/avr5\libgcc.a(_epilogue.o)
 .text.libgcc.fixed
                0x00000000        0x0 c:/program files (x86)/atmel/studio/7.0/toolchain/avr8/avr8-gnu-toolchain/bin/../lib/gcc/avr/5.4.0/avr5\libgcc.a(_epilogue.o)

Memory Configuration

Name             Origin             Length             Attributes
text             0x00000000         0x00008000         xr
data             0x00800100         0x00000800         rw !x
eeprom           0x00810000         0x00000400         rw !x
fuse             0x00820000         0x00000003         rw !x
lock             0x00830000         0x00000400         rw !x
signature        0x00840000         0x00000400         rw !x
user_signatures  0x00850000         0x00000400         rw !x
*default*        0x00000000         0xffffffff

Linker script and memory map

Address of section .data set to 0x800100
LOAD C:/Program Files (x86)/Atmel/Studio/7.0/Packs/atmel/ATmega_DFP/1.7.374/gcc/dev/atmega328p/avr5/crtatmega328p.o
LOAD main.o
LOAD scr/adcRead.o
LOAD scr/InitFile.o
LOAD scr/lcd.o
LOAD scr/loco_control.o
LOAD scr/protection.o
LOAD scr/PWM.o
LOAD scr/railroad_control.o
LOAD scr/shift_registers.o
LOAD scr/timer0.o
LOAD scr/uart.o
START GROUP
LOAD c:/program files (x86)/atmel/studio/7.0/toolchain/avr8/avr8-gnu-toolchain/bin/../lib/gcc/avr/5.4.0/../../../../avr/lib/avr5\libm.a
END GROUP
LOAD c:/program files (x86)/atmel/studio/7.0/toolchain/avr8/avr8-gnu-toolchain/bin/../lib/gcc/avr/5.4.0/avr5\libgcc.a
LOAD c:/program files (x86)/atmel/studio/7.0/toolchain/avr8/avr8-gnu-toolchain/bin/../lib/gcc/avr/5.4.0/../../../../avr/lib/avr5\libm.a
START GROUP
LOAD c:/program files (x86)/atmel/studio/7.0/toolchain/avr8/avr8-gnu-toolchain/bin/../lib/gcc/avr/5.4.0/avr5\libgcc.a
LOAD c:/program files (x86)/atmel/studio/7.0/toolchain/avr8/avr8-gnu-toolchain/bin/../lib/gcc/avr/5.4.0/../../../../avr/lib/avr5\libm.a
LOAD c:/program files (x86)/atmel/studio/7.0/toolchain/avr8/avr8-gnu-toolchain/bin/../lib/gcc/avr/5.4.0/../../../../avr/lib/avr5\libc.a
LOAD C:/Program Files (x86)/Atmel/Studio/7.0/Packs/atmel/ATmega_DFP/1.7.374/gcc/dev/atmega328p/avr5\libatmega328p.a
END GROUP
                0x00000000                __TEXT_REGION_ORIGIN__ = DEFINED (__TEXT_REGION_ORIGIN__)?__TEXT_REGION_ORIGIN__:0x0
                [0x00800100]                __DATA_REGION_ORIGIN__ = DEFINED (__DATA_REGION_ORIGIN__)?__DATA_REGION_ORIGIN__:0x800060
                [0x00008000]                __TEXT_REGION_LENGTH__ = DEFINED (__TEXT_REGION_LENGTH__)?__TEXT_REGION_LENGTH__:0x20000
                [0x00000800]                __DATA_REGION_LENGTH__ = DEFINED (__DATA_REGION_LENGTH__)?__DATA_REGION_LENGTH__:0xffa0
                [0x00000400]                __EEPROM_REGION_LENGTH__ = DEFINED (__EEPROM_REGION_LENGTH__)?__EEPROM_REGION_LENGTH__:0x10000
                [0x00000003]                __FUSE_REGION_LENGTH__ = DEFINED (__FUSE_REGION_LENGTH__)?__FUSE_REGION_LENGTH__:0x400
                0x00000400                __LOCK_REGION_LENGTH__ = DEFINED (__LOCK_REGION_LENGTH__)?__LOCK_REGION_LENGTH__:0x400
                0x00000400                __SIGNATURE_REGION_LENGTH__ = DEFINED (__SIGNATURE_REGION_LENGTH__)?__SIGNATURE_REGION_LENGTH__:0x400
                0x00000400                __USER_SIGNATURE_REGION_LENGTH__ = DEFINED (__USER_SIGNATURE_REGION_LENGTH__)?__USER_SIGNATURE_REGION_LENGTH__:0x400

.hash
 *(.hash)

.dynsym
 *(.dynsym)

.dynstr
 *(.dynstr)

.gnu.version
 *(.gnu.version)

.gnu.version_d
 *(.gnu.version_d)

.gnu.version_r
 *(.gnu.version_r)

.rel.init
 *(.rel.init)

.rela.init
 *(.rela.init)

.rel.text
 *(.rel.text)
 *(.rel.text.*)
 *(.rel.gnu.linkonce.t*)

.rela.text
 *(.rela.text)
 *(.rela.text.*)
 *(.rela.gnu.linkonce.t*)

.rel.fini
 *(.rel.fini)

.rela.fini
 *(.rela.fini)

.rel.rodata
 *(.rel.rodata)
 *(.rel.rodata.*)
 *(.rel.gnu.linkonce.r*)

.rela.rodata
 *(.rela.rodata)
 *(.rela.rodata.*)
 *(.rela.gnu.linkonce.r*)

.rel.data
 *(.rel.data)
 *(.rel.data.*)
 *(.rel.gnu.linkonce.d*)

.rela.data
 *(.rela.data)
 *(.rela.data.*)
 *(.rela.gnu.linkonce.d*)

.rel.ctors
 *(.rel.ctors)

.rela.ctors
 *(.rela.ctors)

.rel.dtors
 *(.rel.dtors)

.rela.dtors
 *(.rela.dtors)

.rel.got
 *(.rel.got)

.rela.got
 *(.rela.got)

.rel.bss
 *(.rel.bss)

.rela.bss
 *(.rela.bss)

.rel.plt
 *(.rel.plt)

.rela.plt
 *(.rela.plt)

.text           0x00000000     0x1782
 *(.vectors)
 .vectors       0x00000000       0x68 C:/Program Files (x86)/Atmel/Studio/7.0/Packs/atmel/ATmega_DFP/1.7.374/gcc/dev/atmega328p/avr5/crtatmega328p.o
                0x00000000                __vector_default
                0x00000000                __vectors
 *(.vectors)
 *(.progmem.gcc*)
                0x00000068                . = ALIGN (0x2)
                0x00000068                __trampolines_start = .
 *(.trampolines)
 .trampolines   0x00000068        0x0 linker stubs
 *(.trampolines*)
                0x00000068                __trampolines_end = .
 *libprintf_flt.a:*(.progmem.data)
 *libc.a:*(.progmem.data)
 *(.progmem*)
                0x00000068                . = ALIGN (0x2)
 *(.jumptables)
 *(.jumptables*)
 *(.lowtext)
 *(.lowtext*)
                0x00000068                __ctors_start = .
 *(.ctors)
                0x00000068                __ctors_end = .
                0x00000068                __dtors_start = .
 *(.dtors)
                0x00000068                __dtors_end = .
 SORT(*)(.ctors)
 SORT(*)(.dtors)
 *(.init0)
 .init0         0x00000068        0x0 C:/Program Files (x86)/Atmel/Studio/7.0/Packs/atmel/ATmega_DFP/1.7.374/gcc/dev/atmega328p/avr5/crtatmega328p.o
                0x00000068                __init
 *(.init0)
 *(.init1)
 *(.init1)
 *(.init2)
 .init2         0x00000068        0xc C:/Program Files (x86)/Atmel/Studio/7.0/Packs/atmel/ATmega_DFP/1.7.374/gcc/dev/atmega328p/avr5/crtatmega328p.o
 *(.init2)
 *(.init3)
 *(.init3)
 *(.init4)
 .init4         0x00000074       0x16 c:/program files (x86)/atmel/studio/7.0/toolchain/avr8/avr8-gnu-toolchain/bin/../lib/gcc/avr/5.4.0/avr5\libgcc.a(_copy_data.o)
                0x00000074                __do_copy_data
 .init4         0x0000008a       0x10 c:/program files (x86)/atmel/studio/7.0/toolchain/avr8/avr8-gnu-toolchain/bin/../lib/gcc/avr/5.4.0/avr5\libgcc.a(_clear_bss.o)
                0x0000008a                __do_clear_bss
 *(.init4)
 *(.init5)
 *(.init5)
 *(.init6)
 *(.init6)
 *(.init7)
 *(.init7)
 *(.init8)
 *(.init8)
 *(.init9)
 .init9         0x0000009a        0x8 C:/Program Files (x86)/Atmel/Studio/7.0/Packs/atmel/ATmega_DFP/1.7.374/gcc/dev/atmega328p/avr5/crtatmega328p.o
 *(.init9)
 *(.text)
 .text          0x000000a2        0x4 C:/Program Files (x86)/Atmel/Studio/7.0/Packs/atmel/ATmega_DFP/1.7.374/gcc/dev/atmega328p/avr5/crtatmega328p.o
                0x000000a2                __vector_22
                0x000000a2                __vector_1
                0x000000a2                __vector_24
                0x000000a2                __vector_12
                0x000000a2                __bad_interrupt
                0x000000a2                __vector_6
                0x000000a2                __vector_3
                0x000000a2                __vector_23
                0x000000a2                __vector_25
                0x000000a2                __vector_11
                0x000000a2                __vector_13
                0x000000a2                __vector_17
                0x000000a2                __vector_19
                0x000000a2                __vector_7
                0x000000a2                __vector_5
                0x000000a2                __vector_4
                0x000000a2                __vector_9
                0x000000a2                __vector_2
                0x000000a2                __vector_21
                0x000000a2                __vector_15
                0x000000a2                __vector_8
                0x000000a2                __vector_10
                0x000000a2                __vector_16
                0x000000a2                __vector_18
                0x000000a2                __vector_20
                0x000000a6                . = ALIGN (0x2)
 *(.text.*)
 .text._Z18isForwardDirectionv
                0x000000a6       0x10 main.o
                0x000000a6                _Z18isForwardDirectionv
 .text._Z17handleSensorEventhhh
                0x000000b6       0x44 main.o
                0x000000b6                _Z17handleSensorEventhhh
 .text._Z17checkSensorsStatev
                0x000000fa       0x68 main.o
                0x000000fa                _Z17checkSensorsStatev
 .text._Z14process_packet11UART_Packet
                0x00000162       0x98 main.o
                0x00000162                _Z14process_packet11UART_Packet
 .text.main     0x000001fa       0x46 main.o
                0x000001fa                main
 .text.lcd_clear_line
                0x00000240       0x20 scr/adcRead.o
 .text.ADC_Init
                0x00000260        0xe scr/adcRead.o
                0x00000260                ADC_Init
 .text.ADC_Read
                0x0000026e       0x2a scr/adcRead.o
                0x0000026e                ADC_Read
 .text.show_adc_value_on_lcd
                0x00000298       0xa8 scr/adcRead.o
                0x00000298                show_adc_value_on_lcd
 .text.updateAdcMode
                0x00000340       0x8e scr/adcRead.o
                0x00000340                updateAdcMode
 .text.update_adc_display_if_due
                0x000003ce       0x2a scr/adcRead.o
                0x000003ce                update_adc_display_if_due
 .text.system_init
                0x000003f8       0x78 scr/InitFile.o
                0x000003f8                system_init
 .text.I2C_Init
                0x00000470       0x12 scr/lcd.o
                0x00000470                I2C_Init
 .text.I2C_Start
                0x00000482       0x10 scr/lcd.o
                0x00000482                I2C_Start
 .text.I2C_Stop
                0x00000492       0x10 scr/lcd.o
                0x00000492                I2C_Stop
 .text.I2C_Write
                0x000004a2       0x14 scr/lcd.o
                0x000004a2                I2C_Write
 .text.LCD_Send
                0x000004b6       0x62 scr/lcd.o
                0x000004b6                LCD_Send
 .text.LCD_Command
                0x00000518       0x14 scr/lcd.o
                0x00000518                LCD_Command
 .text.LCD_Data
                0x0000052c       0x14 scr/lcd.o
                0x0000052c                LCD_Data
 .text.LCD_Init
                0x00000540       0x6e scr/lcd.o
                0x00000540                LCD_Init
 .text.LCD_Clear
                0x000005ae       0x14 scr/lcd.o
                0x000005ae                LCD_Clear
 .text.LCD_SetCursor
                0x000005c2       0x3e scr/lcd.o
                0x000005c2                LCD_SetCursor
 .text.LCD_Print
                0x00000600       0x1a scr/lcd.o
                0x00000600                LCD_Print
 .text.LCD_Blink
                0x0000061a       0xe4 scr/lcd.o
                0x0000061a                LCD_Blink
 .text.LCD_PrintTwoLines
                0x000006fe       0x48 scr/lcd.o
                0x000006fe                LCD_PrintTwoLines
 .text.update_lcd
                0x00000746       0x92 scr/lcd.o
                0x00000746                update_lcd
 .text.print_triggered_sensor
                0x000007d8       0x74 scr/lcd.o
                0x000007d8                print_triggered_sensor
 .text.SlowMode
                0x0000084c       0x12 scr/loco_control.o
                0x0000084c                SlowMode
 .text.PowerSupplyOn
                0x0000085e        0xe scr/loco_control.o
                0x0000085e                PowerSupplyOn
 .text.MoveLocoForward
                0x0000086c       0x48 scr/loco_control.o
                0x0000086c                MoveLocoForward
 .text.PowerSupplyOff
                0x000008b4        0x8 scr/loco_control.o
                0x000008b4                PowerSupplyOff
 .text.LocoStop
                0x000008bc       0x44 scr/loco_control.o
                0x000008bc                LocoStop
 .text.ReversOn
                0x00000900        0x8 scr/loco_control.o
                0x00000900                ReversOn
 .text.MoveLocoBackward
                0x00000908       0x50 scr/loco_control.o
                0x00000908                MoveLocoBackward
 .text.overload_enter_active
                0x00000958       0x52 scr/protection.o
 .text.overload_active_tick
                0x000009aa       0x7e scr/protection.o
 .text.check_and_send_overload_stop
                0x00000a28       0xdc scr/protection.o
                0x00000a28                check_and_send_overload_stop
 .text.resetLocoTimer
                0x00000b04        0xe scr/protection.o
                0x00000b04                resetLocoTimer
 .text.stopLocoDueToTimeout
                0x00000b12       0x12 scr/protection.o
                0x00000b12                stopLocoDueToTimeout
 .text.checkLocoMovementTimeout
                0x00000b24       0x3c scr/protection.o
                0x00000b24                checkLocoMovementTimeout
 .text.initPWM  0x00000b60       0x1c scr/PWM.o
                0x00000b60                initPWM
 .text.enablePWM
                0x00000b7c       0x20 scr/PWM.o
                0x00000b7c                enablePWM
 .text.disablePWM
                0x00000b9c       0x1e scr/PWM.o
                0x00000b9c                disablePWM
 .text.startPWMUp
                0x00000bba       0x38 scr/PWM.o
                0x00000bba                startPWMUp
 .text.processPWMUp
                0x00000bf2       0x8a scr/PWM.o
                0x00000bf2                processPWMUp
 .text.reset_route_state
                0x00000c7c        0x6 scr/railroad_control.o
                0x00000c7c                reset_route_state
 .text.activate_route_non_blocking
                0x00000c82      0x130 scr/railroad_control.o
                0x00000c82                activate_route_non_blocking
 .text.read_74HC165
                0x00000db2       0x3e scr/shift_registers.o
                0x00000db2                read_74HC165
 .text.init_74HC595_ports
                0x00000df0        0xe scr/shift_registers.o
                0x00000df0                init_74HC595_ports
 .text.shiftOut
                0x00000dfe       0x42 scr/shift_registers.o
                0x00000dfe                shiftOut
 .text.latchData
                0x00000e40       0x10 scr/shift_registers.o
                0x00000e40                latchData
 .text.shiftOutMultiple
                0x00000e50       0x32 scr/shift_registers.o
                0x00000e50                shiftOutMultiple
 .text.init_74HC165_ports
                0x00000e82       0x3a scr/shift_registers.o
                0x00000e82                init_74HC165_ports
 .text.timer0_init
                0x00000ebc       0x22 scr/timer0.o
                0x00000ebc                timer0_init
 .text.__vector_14
                0x00000ede       0x2e scr/timer0.o
                0x00000ede                __vector_14
 .text.UART_init
                0x00000f0c       0x18 scr/uart.o
                0x00000f0c                UART_init
 .text.UART_send
                0x00000f24        0xe scr/uart.o
                0x00000f24                UART_send
 .text.UART_receive
                0x00000f32       0x1c scr/uart.o
                0x00000f32                UART_receive
 .text.crc8     0x00000f4e       0x36 scr/uart.o
                0x00000f4e                crc8
 .text.send_command
                0x00000f84       0x5a scr/uart.o
                0x00000f84                send_command
 .text.UART_receive_full_packet
                0x00000fde       0x84 scr/uart.o
                0x00000fde                UART_receive_full_packet
 .text.send_ack
                0x00001062        0xc scr/uart.o
                0x00001062                send_ack
 .text.UART_receive_packet
                0x0000106e       0x5a scr/uart.o
                0x0000106e                UART_receive_packet
 .text.send_command_with_ack
                0x000010c8       0x68 scr/uart.o
                0x000010c8                send_command_with_ack
 .text.libgcc.div
                0x00001130       0x28 c:/program files (x86)/atmel/studio/7.0/toolchain/avr8/avr8-gnu-toolchain/bin/../lib/gcc/avr/5.4.0/avr5\libgcc.a(_divmodhi4.o)
                0x00001130                _div
                0x00001130                __divmodhi4
 .text.libgcc.div
                0x00001158       0x28 c:/program files (x86)/atmel/studio/7.0/toolchain/avr8/avr8-gnu-toolchain/bin/../lib/gcc/avr/5.4.0/avr5\libgcc.a(_udivmodhi4.o)
                0x00001158                __udivmodhi4
 .text.avr-libc
                0x00001180        0xe c:/program files (x86)/atmel/studio/7.0/toolchain/avr8/avr8-gnu-toolchain/bin/../lib/gcc/avr/5.4.0/../../../../avr/lib/avr5\libc.a(memset.o)
                0x00001180                memset
 .text.avr-libc
                0x0000118e       0x60 c:/program files (x86)/atmel/studio/7.0/toolchain/avr8/avr8-gnu-toolchain/bin/../lib/gcc/avr/5.4.0/../../../../avr/lib/avr5\libc.a(snprintf.o)
                0x0000118e                snprintf
 .text.avr-libc
                0x000011ee      0x3c2 c:/program files (x86)/atmel/studio/7.0/toolchain/avr8/avr8-gnu-toolchain/bin/../lib/gcc/avr/5.4.0/../../../../avr/lib/avr5\libc.a(vfprintf_std.o)
                0x000011ee                vfprintf
 .text.avr-libc
                0x000015b0       0x16 c:/program files (x86)/atmel/studio/7.0/toolchain/avr8/avr8-gnu-toolchain/bin/../lib/gcc/avr/5.4.0/../../../../avr/lib/avr5\libc.a(strnlen_P.o)
                0x000015b0                strnlen_P
 .text.avr-libc
                0x000015c6       0x16 c:/program files (x86)/atmel/studio/7.0/toolchain/avr8/avr8-gnu-toolchain/bin/../lib/gcc/avr/5.4.0/../../../../avr/lib/avr5\libc.a(strnlen.o)
                0x000015c6                strnlen
 .text.avr-libc
                0x000015dc       0x78 c:/program files (x86)/atmel/studio/7.0/toolchain/avr8/avr8-gnu-toolchain/bin/../lib/gcc/avr/5.4.0/../../../../avr/lib/avr5\libc.a(fputc.o)
                0x000015dc                fputc
 .text.avr-libc
                0x00001654       0xbc c:/program files (x86)/atmel/studio/7.0/toolchain/avr8/avr8-gnu-toolchain/bin/../lib/gcc/avr/5.4.0/../../../../avr/lib/avr5\libc.a(ultoa_invert.o)
                0x00001654                __ultoa_invert
 .text.libgcc.prologue
                0x00001710       0x38 c:/program files (x86)/atmel/studio/7.0/toolchain/avr8/avr8-gnu-toolchain/bin/../lib/gcc/avr/5.4.0/avr5\libgcc.a(_prologue.o)
                0x00001710                __prologue_saves__
 .text.libgcc.prologue
                0x00001748       0x36 c:/program files (x86)/atmel/studio/7.0/toolchain/avr8/avr8-gnu-toolchain/bin/../lib/gcc/avr/5.4.0/avr5\libgcc.a(_epilogue.o)
                0x00001748                __epilogue_restores__
                0x0000177e                . = ALIGN (0x2)
 *(.fini9)
 .fini9         0x0000177e        0x0 c:/program files (x86)/atmel/studio/7.0/toolchain/avr8/avr8-gnu-toolchain/bin/../lib/gcc/avr/5.4.0/avr5\libgcc.a(_exit.o)
                0x0000177e                _exit
                0x0000177e                exit
 *(.fini9)
 *(.fini8)
 *(.fini8)
 *(.fini7)
 *(.fini7)
 *(.fini6)
 *(.fini6)
 *(.fini5)
 *(.fini5)
 *(.fini4)
 *(.fini4)
 *(.fini3)
 *(.fini3)
 *(.fini2)
 *(.fini2)
 *(.fini1)
 *(.fini1)
 *(.fini0)
 .fini0         0x0000177e        0x4 c:/program files (x86)/atmel/studio/7.0/toolchain/avr8/avr8-gnu-toolchain/bin/../lib/gcc/avr/5.4.0/avr5\libgcc.a(_exit.o)
 *(.fini0)
                0x00001782                _etext = .

.data           0x00800100       0x74 load address 0x00001782
                0x00800100                PROVIDE (__data_start, .)
 *(.data)
 *(.data*)
 .data.lastAdcValue.2079
                0x00800100        0x2 scr/adcRead.o
 .data.previousSensorStates
                0x00800102        0x1 scr/InitFile.o
                0x00800102                previousSensorStates
 .data.lastCmd  0x00800103        0x1 scr/InitFile.o
                0x00800103                lastCmd
 .data.currentDuty
                0x00800104        0x2 scr/PWM.o
 *(.gnu.linkonce.d*)
 *(.rodata)
 *(.rodata*)
 .rodata.str1.1
                0x00800106       0x1f scr/adcRead.o
 .rodata.str1.1
                0x00800125       0x10 scr/InitFile.o
                                 0x11 (size before relaxing)
 .rodata.str1.1
                0x00800135       0x12 scr/lcd.o
 .rodata.powerRoutesSuplly
                0x00800147        0x8 scr/loco_control.o
                0x00800147                powerRoutesSuplly
 .rodata.str1.1
                0x0080014f       0x13 scr/protection.o
 .rodata.routeSwitches
                0x00800162       0x12 scr/railroad_control.o
                0x00800162                routeSwitches
 *(.gnu.linkonce.r*)
                0x00800174                . = ALIGN (0x2)
                0x00800174                _edata = .
                0x00800174                PROVIDE (__data_end, .)

.bss            0x00800174       0x27
                0x00800174                PROVIDE (__bss_start, .)
 *(.bss)
 *(.bss*)
 .bss.lastAdcTick.2096
                0x00800174        0x2 scr/adcRead.o
 .bss.adcModeActive.2087
                0x00800176        0x1 scr/adcRead.o
 .bss.toggledThisPress.2089
                0x00800177        0x1 scr/adcRead.o
 .bss.holdStartTick.2088
                0x00800178        0x2 scr/adcRead.o
 .bss.counter.2080
                0x0080017a        0x1 scr/adcRead.o
 .bss.SelectedTable
                0x0080017b        0x1 scr/InitFile.o
                0x0080017b                SelectedTable
 .bss.triggeredBitsHistory
                0x0080017c        0x1 scr/InitFile.o
                0x0080017c                triggeredBitsHistory
 .bss.sensorStates
                0x0080017d        0x1 scr/InitFile.o
                0x0080017d                sensorStates
 .bss.timeCounter
                0x0080017e        0x1 scr/InitFile.o
                0x0080017e                timeCounter
 .bss.tickCounter
                0x0080017f        0x2 scr/InitFile.o
                0x0080017f                tickCounter
 .bss.isLocoMoving
                0x00800181        0x1 scr/InitFile.o
                0x00800181                isLocoMoving
 .bss.emergencyStopActive
                0x00800182        0x1 scr/InitFile.o
                0x00800182                emergencyStopActive
 .bss.routeSetupInProgress
                0x00800183        0x1 scr/InitFile.o
                0x00800183                routeSetupInProgress
 .bss.toggle.1825
                0x00800184        0x1 scr/lcd.o
 .bss.counter.1826
                0x00800185        0x1 scr/lcd.o
 .bss.filtInit  0x00800186        0x1 scr/protection.o
 .bss.filt      0x00800187        0x2 scr/protection.o
 .bss.lastResendTick
                0x00800189        0x2 scr/protection.o
 .bss.holdStartTick
                0x0080018b        0x2 scr/protection.o
 .bss.ol_state  0x0080018d        0x1 scr/protection.o
 .bss.pwmLastTick
                0x0080018e        0x4 scr/PWM.o
 .bss.pwmIncreasing
                0x00800192        0x1 scr/PWM.o
 .bss.lastTick.1808
                0x00800193        0x4 scr/railroad_control.o
 .bss.currentBit.1809
                0x00800197        0x1 scr/railroad_control.o
 .bss.initialized
                0x00800198        0x1 scr/railroad_control.o
 .bss.rail_switch_step_counter
                0x00800199        0x2 scr/timer0.o
                0x00800199                rail_switch_step_counter
 *(COMMON)
                0x0080019b                PROVIDE (__bss_end, .)
                0x00001782                __data_load_start = LOADADDR (.data)
                0x000017f6                __data_load_end = (__data_load_start + SIZEOF (.data))

.noinit         0x0080019b        0x0
                [!provide]                PROVIDE (__noinit_start, .)
 *(.noinit*)
                [!provide]                PROVIDE (__noinit_end, .)
                0x0080019b                _end = .
                [!provide]                PROVIDE (__heap_start, .)

.eeprom         0x00810000        0x0
 *(.eeprom*)
                0x00810000                __eeprom_end = .

.fuse
 *(.fuse)
 *(.lfuse)
 *(.hfuse)
 *(.efuse)

.lock
 *(.lock*)

.signature
 *(.signature*)

.user_signatures
 *(.user_signatures*)

.stab
 *(.stab)

.stabstr
 *(.stabstr)

.stab.excl
 *(.stab.excl)

.stab.exclstr
 *(.stab.exclstr)

.stab.index
 *(.stab.index)

.stab.indexstr
 *(.stab.indexstr)

.comment        0x00000000       0x5c
 *(.comment)
 .comment       0x00000000       0x30 main.o
                                 0x31 (size before relaxing)
 .comment       0x00000030       0x31 scr/adcRead.o
 .comment       0x00000030       0x31 scr/InitFile.o
 .comment       0x00000030       0x31 scr/lcd.o
 .comment       0x00000030       0x31 scr/loco_control.o
 .comment       0x00000030       0x31 scr/protection.o
 .comment       0x00000030       0x31 scr/PWM.o
 .comment       0x00000030       0x31 scr/railroad_control.o
 .comment       0x00000030       0x31 scr/shift_registers.o
 .comment       0x00000030       0x31 scr/timer0.o
 .comment       0x00000030       0x31 scr/uart.o
 .comment       0x00000030       0x31 c:/program files (x86)/atmel/studio/7.0/toolchain/avr8/avr8-gnu-toolchain/bin/../lib/gcc/avr/5.4.0/../../../../avr/lib/avr5\libc.a(snprintf.o)
 .comment       0x00000030       0x2c c:/program files (x86)/atmel/studio/7.0/toolchain/avr8/avr8-gnu-toolchain/bin/../lib/gcc/avr/5.4.0/../../../../avr/lib/avr5\libc.a(vfprintf_std.o)
                                 0x2d (size before relaxing)
 .comment       0x0000005c       0x31 c:/program files (x86)/atmel/studio/7.0/toolchain/avr8/avr8-gnu-toolchain/bin/../lib/gcc/avr/5.4.0/../../../../avr/lib/avr5\libc.a(fputc.o)

.note.gnu.avr.deviceinfo
                0x00000000       0x40
 .note.gnu.avr.deviceinfo
                0x00000000       0x40 C:/Program Files (x86)/Atmel/Studio/7.0/Packs/atmel/ATmega_DFP/1.7.374/gcc/dev/atmega328p/avr5/crtatmega328p.o

.note.gnu.build-id
 *(.note.gnu.build-id)

.debug
 *(.debug)

.line
 *(.line)

.debug_srcinfo
 *(.debug_srcinfo)

.debug_sfnames
 *(.debug_sfnames)

.debug_aranges  0x00000000      0x328
 *(.debug_aranges)
 .debug_aranges
                0x00000000       0x40 main.o
 .debug_aranges
                0x00000040       0x48 scr/adcRead.o
 .debug_aranges
                0x00000088       0x20 scr/InitFile.o
 .debug_aranges
                0x000000a8       0x98 scr/lcd.o
 .debug_aranges
                0x00000140       0x50 scr/loco_control.o
 .debug_aranges
                0x00000190       0x48 scr/protection.o
 .debug_aranges
                0x000001d8       0x50 scr/PWM.o
 .debug_aranges
                0x00000228       0x28 scr/railroad_control.o
 .debug_aranges
                0x00000250       0x48 scr/shift_registers.o
 .debug_aranges
                0x00000298       0x28 scr/timer0.o
 .debug_aranges
                0x000002c0       0x68 scr/uart.o

.debug_pubnames
 *(.debug_pubnames)

.debug_info     0x00000000     0x2eb9
 *(.debug_info .gnu.linkonce.wi.*)
 .debug_info    0x00000000      0x5f4 C:/Program Files (x86)/Atmel/Studio/7.0/Packs/atmel/ATmega_DFP/1.7.374/gcc/dev/atmega328p/avr5/crtatmega328p.o
 .debug_info    0x000005f4      0x4cd main.o
 .debug_info    0x00000ac1      0x362 scr/adcRead.o
 .debug_info    0x00000e23      0x304 scr/InitFile.o
 .debug_info    0x00001127      0xa0d scr/lcd.o
 .debug_info    0x00001b34      0x32f scr/loco_control.o
 .debug_info    0x00001e63      0x47c scr/protection.o
 .debug_info    0x000022df      0x17e scr/PWM.o
 .debug_info    0x0000245d      0x1c4 scr/railroad_control.o
 .debug_info    0x00002621      0x345 scr/shift_registers.o
 .debug_info    0x00002966       0xbb scr/timer0.o
 .debug_info    0x00002a21      0x498 scr/uart.o

.debug_abbrev   0x00000000     0x14d9
 *(.debug_abbrev)
 .debug_abbrev  0x00000000      0x5a2 C:/Program Files (x86)/Atmel/Studio/7.0/Packs/atmel/ATmega_DFP/1.7.374/gcc/dev/atmega328p/avr5/crtatmega328p.o
 .debug_abbrev  0x000005a2      0x166 main.o
 .debug_abbrev  0x00000708      0x1a2 scr/adcRead.o
 .debug_abbrev  0x000008aa       0xe5 scr/InitFile.o
 .debug_abbrev  0x0000098f      0x21c scr/lcd.o
 .debug_abbrev  0x00000bab      0x15c scr/loco_control.o
 .debug_abbrev  0x00000d07      0x1c1 scr/protection.o
 .debug_abbrev  0x00000ec8       0xe5 scr/PWM.o
 .debug_abbrev  0x00000fad      0x10c scr/railroad_control.o
 .debug_abbrev  0x000010b9      0x1bb scr/shift_registers.o
 .debug_abbrev  0x00001274       0x81 scr/timer0.o
 .debug_abbrev  0x000012f5      0x1e4 scr/uart.o

.debug_line     0x00000000     0x1b8d
 *(.debug_line .debug_line.* .debug_line_end)
 .debug_line    0x00000000      0x134 C:/Program Files (x86)/Atmel/Studio/7.0/Packs/atmel/ATmega_DFP/1.7.374/gcc/dev/atmega328p/avr5/crtatmega328p.o
 .debug_line    0x00000134      0x324 main.o
 .debug_line    0x00000458      0x252 scr/adcRead.o
 .debug_line    0x000006aa      0x166 scr/InitFile.o
 .debug_line    0x00000810      0x4bd scr/lcd.o
 .debug_line    0x00000ccd      0x1fc scr/loco_control.o
 .debug_line    0x00000ec9      0x280 scr/protection.o
 .debug_line    0x00001149      0x1b8 scr/PWM.o
 .debug_line    0x00001301      0x1a0 scr/railroad_control.o
 .debug_line    0x000014a1      0x2b2 scr/shift_registers.o
 .debug_line    0x00001753       0xd9 scr/timer0.o
 .debug_line    0x0000182c      0x361 scr/uart.o

.debug_frame    0x00000000      0x748
 *(.debug_frame)
 .debug_frame   0x00000000       0x7c main.o
 .debug_frame   0x0000007c       0xa4 scr/adcRead.o
 .debug_frame   0x00000120       0x34 scr/InitFile.o
 .debug_frame   0x00000154      0x1d4 scr/lcd.o
 .debug_frame   0x00000328       0xc4 scr/loco_control.o
 .debug_frame   0x000003ec       0x88 scr/protection.o
 .debug_frame   0x00000474       0x84 scr/PWM.o
 .debug_frame   0x000004f8       0x50 scr/railroad_control.o
 .debug_frame   0x00000548       0x98 scr/shift_registers.o
 .debug_frame   0x000005e0       0x48 scr/timer0.o
 .debug_frame   0x00000628      0x120 scr/uart.o

.debug_str      0x00000000      0xcf4
 *(.debug_str)
 .debug_str     0x00000000      0x208 C:/Program Files (x86)/Atmel/Studio/7.0/Packs/atmel/ATmega_DFP/1.7.374/gcc/dev/atmega328p/avr5/crtatmega328p.o
 .debug_str     0x00000208      0x443 main.o
                                0x4a2 (size before relaxing)
 .debug_str     0x0000064b      0x175 scr/adcRead.o
                                0x2dc (size before relaxing)
 .debug_str     0x000007c0       0xd0 scr/InitFile.o
                                0x2df (size before relaxing)
 .debug_str     0x00000890      0x155 scr/lcd.o
                                0x359 (size before relaxing)
 .debug_str     0x000009e5       0x9d scr/loco_control.o
                                0x277 (size before relaxing)
 .debug_str     0x00000a82       0xf9 scr/protection.o
                                0x37e (size before relaxing)
 .debug_str     0x00000b7b       0x56 scr/PWM.o
                                0x21b (size before relaxing)
 .debug_str     0x00000bd1       0x48 scr/railroad_control.o
                                0x268 (size before relaxing)
 .debug_str     0x00000c19       0x3e scr/shift_registers.o
                                0x240 (size before relaxing)
 .debug_str     0x00000c57       0x1c scr/timer0.o
                                0x1af (size before relaxing)
 .debug_str     0x00000c73       0x81 scr/uart.o
                                0x27d (size before relaxing)

.debug_loc      0x00000000     0x1745
 *(.debug_loc)
 .debug_loc     0x00000000      0x18c main.o
 .debug_loc     0x0000018c      0x251 scr/adcRead.o
 .debug_loc     0x000003dd       0x48 scr/InitFile.o
 .debug_loc     0x00000425      0x872 scr/lcd.o
 .debug_loc     0x00000c97      0x162 scr/loco_control.o
 .debug_loc     0x00000df9      0x123 scr/protection.o
 .debug_loc     0x00000f1c       0xc0 scr/railroad_control.o
 .debug_loc     0x00000fdc      0x281 scr/shift_registers.o
 .debug_loc     0x0000125d       0x49 scr/timer0.o
 .debug_loc     0x000012a6      0x49f scr/uart.o

.debug_macinfo
 *(.debug_macinfo)

.debug_weaknames
 *(.debug_weaknames)

.debug_funcnames
 *(.debug_funcnames)

.debug_typenames
 *(.debug_typenames)

.debug_varnames
 *(.debug_varnames)

.debug_pubtypes
 *(.debug_pubtypes)

.debug_ranges   0x00000000      0x2a8
 *(.debug_ranges)
 .debug_ranges  0x00000000       0x30 main.o
 .debug_ranges  0x00000030       0x38 scr/adcRead.o
 .debug_ranges  0x00000068       0x10 scr/InitFile.o
 .debug_ranges  0x00000078       0x88 scr/lcd.o
 .debug_ranges  0x00000100       0x40 scr/loco_control.o
 .debug_ranges  0x00000140       0x38 scr/protection.o
 .debug_ranges  0x00000178       0x40 scr/PWM.o
 .debug_ranges  0x000001b8       0x18 scr/railroad_control.o
 .debug_ranges  0x000001d0       0x50 scr/shift_registers.o
 .debug_ranges  0x00000220       0x18 scr/timer0.o
 .debug_ranges  0x00000238       0x70 scr/uart.o

.debug_macro
 *(.debug_macro)
OUTPUT(CafeTrainAtmega328.elf elf32-avr)
LOAD linker stubs
