Archive member included to satisfy reference by file (symbol)

c:/program files (x86)/atmel/studio/7.0/toolchain/avr8/avr8-gnu-toolchain/bin/../lib/gcc/avr/5.4.0/avr5\libgcc.a(_divmodhi4.o)
                              scr/lcd.o (__divmodhi4)
c:/program files (x86)/atmel/studio/7.0/toolchain/avr8/avr8-gnu-toolchain/bin/../lib/gcc/avr/5.4.0/avr5\libgcc.a(_exit.o)
                              C:/Program Files (x86)/Atmel/Studio/7.0/Packs/atmel/ATmega_DFP/1.7.374/gcc/dev/atmega328p/avr5/crtatmega328p.o (exit)
c:/program files (x86)/atmel/studio/7.0/toolchain/avr8/avr8-gnu-toolchain/bin/../lib/gcc/avr/5.4.0/avr5\libgcc.a(_copy_data.o)
                              main.o (__do_copy_data)
c:/program files (x86)/atmel/studio/7.0/toolchain/avr8/avr8-gnu-toolchain/bin/../lib/gcc/avr/5.4.0/avr5\libgcc.a(_clear_bss.o)
                              main.o (__do_clear_bss)
c:/program files (x86)/atmel/studio/7.0/toolchain/avr8/avr8-gnu-toolchain/bin/../lib/gcc/avr/5.4.0/avr5\libgcc.a(_udivmodhi4.o)
                              c:/program files (x86)/atmel/studio/7.0/toolchain/avr8/avr8-gnu-toolchain/bin/../lib/gcc/avr/5.4.0/avr5\libgcc.a(_divmodhi4.o) (__udivmodhi4)
c:/program files (x86)/atmel/studio/7.0/toolchain/avr8/avr8-gnu-toolchain/bin/../lib/gcc/avr/5.4.0/../../../../avr/lib/avr5\libc.a(memset.o)
                              scr/lcd.o (memset)
c:/program files (x86)/atmel/studio/7.0/toolchain/avr8/avr8-gnu-toolchain/bin/../lib/gcc/avr/5.4.0/../../../../avr/lib/avr5\libc.a(snprintf.o)
                              main.o (snprintf)
c:/program files (x86)/atmel/studio/7.0/toolchain/avr8/avr8-gnu-toolchain/bin/../lib/gcc/avr/5.4.0/../../../../avr/lib/avr5\libc.a(vfprintf_std.o)
                              c:/program files (x86)/atmel/studio/7.0/toolchain/avr8/avr8-gnu-toolchain/bin/../lib/gcc/avr/5.4.0/../../../../avr/lib/avr5\libc.a(snprintf.o) (vfprintf)
c:/program files (x86)/atmel/studio/7.0/toolchain/avr8/avr8-gnu-toolchain/bin/../lib/gcc/avr/5.4.0/../../../../avr/lib/avr5\libc.a(strnlen_P.o)
                              c:/program files (x86)/atmel/studio/7.0/toolchain/avr8/avr8-gnu-toolchain/bin/../lib/gcc/avr/5.4.0/../../../../avr/lib/avr5\libc.a(vfprintf_std.o) (strnlen_P)
c:/program files (x86)/atmel/studio/7.0/toolchain/avr8/avr8-gnu-toolchain/bin/../lib/gcc/avr/5.4.0/../../../../avr/lib/avr5\libc.a(strnlen.o)
                              c:/program files (x86)/atmel/studio/7.0/toolchain/avr8/avr8-gnu-toolchain/bin/../lib/gcc/avr/5.4.0/../../../../avr/lib/avr5\libc.a(vfprintf_std.o) (strnlen)
c:/program files (x86)/atmel/studio/7.0/toolchain/avr8/avr8-gnu-toolchain/bin/../lib/gcc/avr/5.4.0/../../../../avr/lib/avr5\libc.a(fputc.o)
                              c:/program files (x86)/atmel/studio/7.0/toolchain/avr8/avr8-gnu-toolchain/bin/../lib/gcc/avr/5.4.0/../../../../avr/lib/avr5\libc.a(vfprintf_std.o) (fputc)
c:/program files (x86)/atmel/studio/7.0/toolchain/avr8/avr8-gnu-toolchain/bin/../lib/gcc/avr/5.4.0/../../../../avr/lib/avr5\libc.a(ultoa_invert.o)
                              c:/program files (x86)/atmel/studio/7.0/toolchain/avr8/avr8-gnu-toolchain/bin/../lib/gcc/avr/5.4.0/../../../../avr/lib/avr5\libc.a(vfprintf_std.o) (__ultoa_invert)
c:/program files (x86)/atmel/studio/7.0/toolchain/avr8/avr8-gnu-toolchain/bin/../lib/gcc/avr/5.4.0/avr5\libgcc.a(_prologue.o)
                              c:/program files (x86)/atmel/studio/7.0/toolchain/avr8/avr8-gnu-toolchain/bin/../lib/gcc/avr/5.4.0/../../../../avr/lib/avr5\libc.a(snprintf.o) (__prologue_saves__)
c:/program files (x86)/atmel/studio/7.0/toolchain/avr8/avr8-gnu-toolchain/bin/../lib/gcc/avr/5.4.0/avr5\libgcc.a(_epilogue.o)
                              c:/program files (x86)/atmel/studio/7.0/toolchain/avr8/avr8-gnu-toolchain/bin/../lib/gcc/avr/5.4.0/../../../../avr/lib/avr5\libc.a(snprintf.o) (__epilogue_restores__)

Discarded input sections

 .data          0x00000000        0x0 C:/Program Files (x86)/Atmel/Studio/7.0/Packs/atmel/ATmega_DFP/1.7.374/gcc/dev/atmega328p/avr5/crtatmega328p.o
 .bss           0x00000000        0x0 C:/Program Files (x86)/Atmel/Studio/7.0/Packs/atmel/ATmega_DFP/1.7.374/gcc/dev/atmega328p/avr5/crtatmega328p.o
 .text          0x00000000        0x0 main.o
 .data          0x00000000        0x0 main.o
 .bss           0x00000000        0x0 main.o
 .text          0x00000000        0x0 scr/adcRead.o
 .data          0x00000000        0x0 scr/adcRead.o
 .bss           0x00000000        0x0 scr/adcRead.o
 .text          0x00000000        0x0 scr/InitFile.o
 .data          0x00000000        0x0 scr/InitFile.o
 .bss           0x00000000        0x0 scr/InitFile.o
 .text          0x00000000        0x0 scr/lcd.o
 .data          0x00000000        0x0 scr/lcd.o
 .bss           0x00000000        0x0 scr/lcd.o
 .text.LCD_ClearLine
                0x00000000       0x2c scr/lcd.o
 .text          0x00000000        0x0 scr/loco_control.o
 .data          0x00000000        0x0 scr/loco_control.o
 .bss           0x00000000        0x0 scr/loco_control.o
 .text          0x00000000        0x0 scr/protection.o
 .data          0x00000000        0x0 scr/protection.o
 .bss           0x00000000        0x0 scr/protection.o
 .text          0x00000000        0x0 scr/PWM.o
 .data          0x00000000        0x0 scr/PWM.o
 .bss           0x00000000        0x0 scr/PWM.o
 .text.isPWMUpRunning
                0x00000000        0x6 scr/PWM.o
 .text.LocomotiveSpeedDown
                0x00000000        0x2 scr/PWM.o
 .text          0x00000000        0x0 scr/railroad_control.o
 .data          0x00000000        0x0 scr/railroad_control.o
 .bss           0x00000000        0x0 scr/railroad_control.o
 .text          0x00000000        0x0 scr/shift_registers.o
 .data          0x00000000        0x0 scr/shift_registers.o
 .bss           0x00000000        0x0 scr/shift_registers.o
 .text          0x00000000        0x0 scr/timer0.o
 .data          0x00000000        0x0 scr/timer0.o
 .bss           0x00000000        0x0 scr/timer0.o
 .text          0x00000000        0x0 scr/uart.o
 .data          0x00000000        0x0 scr/uart.o
 .bss           0x00000000        0x0 scr/uart.o
 .text.send_nack
                0x00000000        0xc scr/uart.o
 .text          0x00000000        0x0 c:/program files (x86)/atmel/studio/7.0/toolchain/avr8/avr8-gnu-toolchain/bin/../lib/gcc/avr/5.4.0/avr5\libgcc.a(_divmodhi4.o)
 .data          0x00000000        0x0 c:/program files (x86)/atmel/studio/7.0/toolchain/avr8/avr8-gnu-toolchain/bin/../lib/gcc/avr/5.4.0/avr5\libgcc.a(_divmodhi4.o)
 .bss           0x00000000        0x0 c:/program files (x86)/atmel/studio/7.0/toolchain/avr8/avr8-gnu-toolchain/bin/../lib/gcc/avr/5.4.0/avr5\libgcc.a(_divmodhi4.o)
 .text.libgcc.mul
                0x00000000        0x0 c:/program files (x86)/atmel/studio/7.0/toolchain/avr8/avr8-gnu-toolchain/bin/../lib/gcc/avr/5.4.0/avr5\libgcc.a(_divmodhi4.o)
 .text.libgcc   0x00000000        0x0 c:/program files (x86)/atmel/studio/7.0/toolchain/avr8/avr8-gnu-toolchain/bin/../lib/gcc/avr/5.4.0/avr5\libgcc.a(_divmodhi4.o)
 .text.libgcc.prologue
                0x00000000        0x0 c:/program files (x86)/atmel/studio/7.0/toolchain/avr8/avr8-gnu-toolchain/bin/../lib/gcc/avr/5.4.0/avr5\libgcc.a(_divmodhi4.o)
 .text.libgcc.builtins
                0x00000000        0x0 c:/program files (x86)/atmel/studio/7.0/toolchain/avr8/avr8-gnu-toolchain/bin/../lib/gcc/avr/5.4.0/avr5\libgcc.a(_divmodhi4.o)
 .text.libgcc.fmul
                0x00000000        0x0 c:/program files (x86)/atmel/studio/7.0/toolchain/avr8/avr8-gnu-toolchain/bin/../lib/gcc/avr/5.4.0/avr5\libgcc.a(_divmodhi4.o)
 .text.libgcc.fixed
                0x00000000        0x0 c:/program files (x86)/atmel/studio/7.0/toolchain/avr8/avr8-gnu-toolchain/bin/../lib/gcc/avr/5.4.0/avr5\libgcc.a(_divmodhi4.o)
 .text          0x00000000        0x0 c:/program files (x86)/atmel/studio/7.0/toolchain/avr8/avr8-gnu-toolchain/bin/../lib/gcc/avr/5.4.0/avr5\libgcc.a(_exit.o)
 .data          0x00000000        0x0 c:/program files (x86)/atmel/studio/7.0/toolchain/avr8/avr8-gnu-toolchain/bin/../lib/gcc/avr/5.4.0/avr5\libgcc.a(_exit.o)
 .bss           0x00000000        0x0 c:/program files (x86)/atmel/studio/7.0/toolchain/avr8/avr8-gnu-toolchain/bin/../lib/gcc/avr/5.4.0/avr5\libgcc.a(_exit.o)
 .text.libgcc.mul
                0x00000000        0x0 c:/program files (x86)/atmel/studio/7.0/toolchain/avr8/avr8-gnu-toolchain/bin/../lib/gcc/avr/5.4.0/avr5\libgcc.a(_exit.o)
 .text.libgcc.div
                0x00000000        0x0 c:/program files (x86)/atmel/studio/7.0/toolchain/avr8/avr8-gnu-toolchain/bin/../lib/gcc/avr/5.4.0/avr5\libgcc.a(_exit.o)
 .text.libgcc   0x00000000        0x0 c:/program files (x86)/atmel/studio/7.0/toolchain/avr8/avr8-gnu-toolchain/bin/../lib/gcc/avr/5.4.0/avr5\libgcc.a(_exit.o)
 .text.libgcc.prologue
                0x00000000        0x0 c:/program files (x86)/atmel/studio/7.0/toolchain/avr8/avr8-gnu-toolchain/bin/../lib/gcc/avr/5.4.0/avr5\libgcc.a(_exit.o)
 .text.libgcc.builtins
                0x00000000        0x0 c:/program files (x86)/atmel/studio/7.0/toolchain/avr8/avr8-gnu-toolchain/bin/../lib/gcc/avr/5.4.0/avr5\libgcc.a(_exit.o)
 .text.libgcc.fmul
                0x00000000        0x0 c:/program files (x86)/atmel/studio/7.0/toolchain/avr8/avr8-gnu-toolchain/bin/../lib/gcc/avr/5.4.0/avr5\libgcc.a(_exit.o)
 .text.libgcc.fixed
                0x00000000        0x0 c:/program files (x86)/atmel/studio/7.0/toolchain/avr8/avr8-gnu-toolchain/bin/../lib/gcc/avr/5.4.0/avr5\libgcc.a(_exit.o)
 .text          0x00000000        0x0 c:/program files (x86)/atmel/studio/7.0/toolchain/avr8/avr8-gnu-toolchain/bin/../lib/gcc/avr/5.4.0/avr5\libgcc.a(_copy_data.o)
 .data          0x00000000        0x0 c:/program files (x86)/atmel/studio/7.0/toolchain/avr8/avr8-gnu-toolchain/bin/../lib/gcc/avr/5.4.0/avr5\libgcc.a(_copy_data.o)
 .bss           0x00000000        0x0 c:/program files (x86)/atmel/studio/7.0/toolchain/avr8/avr8-gnu-toolchain/bin/../lib/gcc/avr/5.4.0/avr5\libgcc.a(_copy_data.o)
 .text.libgcc.mul
                0x00000000        0x0 c:/program files (x86)/atmel/studio/7.0/toolchain/avr8/avr8-gnu-toolchain/bin/../lib/gcc/avr/5.4.0/avr5\libgcc.a(_copy_data.o)
 .text.libgcc.div
                0x00000000        0x0 c:/program files (x86)/atmel/studio/7.0/toolchain/avr8/avr8-gnu-toolchain/bin/../lib/gcc/avr/5.4.0/avr5\libgcc.a(_copy_data.o)
 .text.libgcc   0x00000000        0x0 c:/program files (x86)/atmel/studio/7.0/toolchain/avr8/avr8-gnu-toolchain/bin/../lib/gcc/avr/5.4.0/avr5\libgcc.a(_copy_data.o)
 .text.libgcc.prologue
                0x00000000        0x0 c:/program files (x86)/atmel/studio/7.0/toolchain/avr8/avr8-gnu-toolchain/bin/../lib/gcc/avr/5.4.0/avr5\libgcc.a(_copy_data.o)
 .text.libgcc.builtins
                0x00000000        0x0 c:/program files (x86)/atmel/studio/7.0/toolchain/avr8/avr8-gnu-toolchain/bin/../lib/gcc/avr/5.4.0/avr5\libgcc.a(_copy_data.o)
 .text.libgcc.fmul
                0x00000000        0x0 c:/program files (x86)/atmel/studio/7.0/toolchain/avr8/avr8-gnu-toolchain/bin/../lib/gcc/avr/5.4.0/avr5\libgcc.a(_copy_data.o)
 .text.libgcc.fixed
                0x00000000        0x0 c:/program files (x86)/atmel/studio/7.0/toolchain/avr8/avr8-gnu-toolchain/bin/../lib/gcc/avr/5.4.0/avr5\libgcc.a(_copy_data.o)
 .text          0x00000000        0x0 c:/program files (x86)/atmel/studio/7.0/toolchain/avr8/avr8-gnu-toolchain/bin/../lib/gcc/avr/5.4.0/avr5\libgcc.a(_clear_bss.o)
 .data          0x00000000        0x0 c:/program files (x86)/atmel/studio/7.0/toolchain/avr8/avr8-gnu-toolchain/bin/../lib/gcc/avr/5.4.0/avr5\libgcc.a(_clear_bss.o)
 .bss           0x00000000        0x0 c:/program files (x86)/atmel/studio/7.0/toolchain/avr8/avr8-gnu-toolchain/bin/../lib/gcc/avr/5.4.0/avr5\libgcc.a(_clear_bss.o)
 .text.libgcc.mul
                0x00000000        0x0 c:/program files (x86)/atmel/studio/7.0/toolchain/avr8/avr8-gnu-toolchain/bin/../lib/gcc/avr/5.4.0/avr5\libgcc.a(_clear_bss.o)
 .text.libgcc.div
                0x00000000        0x0 c:/program files (x86)/atmel/studio/7.0/toolchain/avr8/avr8-gnu-toolchain/bin/../lib/gcc/avr/5.4.0/avr5\libgcc.a(_clear_bss.o)
 .text.libgcc   0x00000000        0x0 c:/program files (x86)/atmel/studio/7.0/toolchain/avr8/avr8-gnu-toolchain/bin/../lib/gcc/avr/5.4.0/avr5\libgcc.a(_clear_bss.o)
 .text.libgcc.prologue
                0x00000000        0x0 c:/program files (x86)/atmel/studio/7.0/toolchain/avr8/avr8-gnu-toolchain/bin/../lib/gcc/avr/5.4.0/avr5\libgcc.a(_clear_bss.o)
 .text.libgcc.builtins
                0x00000000        0x0 c:/program files (x86)/atmel/studio/7.0/toolchain/avr8/avr8-gnu-toolchain/bin/../lib/gcc/avr/5.4.0/avr5\libgcc.a(_clear_bss.o)
 .text.libgcc.fmul
                0x00000000        0x0 c:/program files (x86)/atmel/studio/7.0/toolchain/avr8/avr8-gnu-toolchain/bin/../lib/gcc/avr/5.4.0/avr5\libgcc.a(_clear_bss.o)
 .text.libgcc.fixed
                0x00000000        0x0 c:/program files (x86)/atmel/studio/7.0/toolchain/avr8/avr8-gnu-toolchain/bin/../lib/gcc/avr/5.4.0/avr5\libgcc.a(_clear_bss.o)
 .text          0x00000000        0x0 c:/program files (x86)/atmel/studio/7.0/toolchain/avr8/avr8-gnu-toolchain/bin/../lib/gcc/avr/5.4.0/avr5\libgcc.a(_udivmodhi4.o)
 .data          0x00000000        0x0 c:/program files (x86)/atmel/studio/7.0/toolchain/avr8/avr8-gnu-toolchain/bin/../lib/gcc/avr/5.4.0/avr5\libgcc.a(_udivmodhi4.o)
 .bss           0x00000000        0x0 c:/program files (x86)/atmel/studio/7.0/toolchain/avr8/avr8-gnu-toolchain/bin/../lib/gcc/avr/5.4.0/avr5\libgcc.a(_udivmodhi4.o)
 .text.libgcc.mul
                0x00000000        0x0 c:/program files (x86)/atmel/studio/7.0/toolchain/avr8/avr8-gnu-toolchain/bin/../lib/gcc/avr/5.4.0/avr5\libgcc.a(_udivmodhi4.o)
 .text.libgcc   0x00000000        0x0 c:/program files (x86)/atmel/studio/7.0/toolchain/avr8/avr8-gnu-toolchain/bin/../lib/gcc/avr/5.4.0/avr5\libgcc.a(_udivmodhi4.o)
 .text.libgcc.prologue
                0x00000000        0x0 c:/program files (x86)/atmel/studio/7.0/toolchain/avr8/avr8-gnu-toolchain/bin/../lib/gcc/avr/5.4.0/avr5\libgcc.a(_udivmodhi4.o)
 .text.libgcc.builtins
                0x00000000        0x0 c:/program files (x86)/atmel/studio/7.0/toolchain/avr8/avr8-gnu-toolchain/bin/../lib/gcc/avr/5.4.0/avr5\libgcc.a(_udivmodhi4.o)
 .text.libgcc.fmul
                0x00000000        0x0 c:/program files (x86)/atmel/studio/7.0/toolchain/avr8/avr8-gnu-toolchain/bin/../lib/gcc/avr/5.4.0/avr5\libgcc.a(_udivmodhi4.o)
 .text.libgcc.fixed
                0x00000000        0x0 c:/program files (x86)/atmel/studio/7.0/toolchain/avr8/avr8-gnu-toolchain/bin/../lib/gcc/avr/5.4.0/avr5\libgcc.a(_udivmodhi4.o)
 .text          0x00000000        0x0 c:/program files (x86)/atmel/studio/7.0/toolchain/avr8/avr8-gnu-toolchain/bin/../lib/gcc/avr/5.4.0/../../../../avr/lib/avr5\libc.a(memset.o)
 .data          0x00000000        0x0 c:/program files (x86)/atmel/studio/7.0/toolchain/avr8/avr8-gnu-toolchain/bin/../lib/gcc/avr/5.4.0/../../../../avr/lib/avr5\libc.a(memset.o)
 .bss           0x00000000        0x0 c:/program files (x86)/atmel/studio/7.0/toolchain/avr8/avr8-gnu-toolchain/bin/../lib/gcc/avr/5.4.0/../../../../avr/lib/avr5\libc.a(memset.o)
 .text          0x00000000        0x0 c:/program files (x86)/atmel/studio/7.0/toolchain/avr8/avr8-gnu-toolchain/bin/../lib/gcc/avr/5.4.0/../../../../avr/lib/avr5\libc.a(snprintf.o)
 .data          0x00000000        0x0 c:/program files (x86)/atmel/studio/7.0/toolchain/avr8/avr8-gnu-toolchain/bin/../lib/gcc/avr/5.4.0/../../../../avr/lib/avr5\libc.a(snprintf.o)
 .bss           0x00000000        0x0 c:/program files (x86)/atmel/studio/7.0/toolchain/avr8/avr8-gnu-toolchain/bin/../lib/gcc/avr/5.4.0/../../../../avr/lib/avr5\libc.a(snprintf.o)
 .text          0x00000000        0x0 c:/program files (x86)/atmel/studio/7.0/toolchain/avr8/avr8-gnu-toolchain/bin/../lib/gcc/avr/5.4.0/../../../../avr/lib/avr5\libc.a(vfprintf_std.o)
 .data          0x00000000        0x0 c:/program files (x86)/atmel/studio/7.0/toolchain/avr8/avr8-gnu-toolchain/bin/../lib/gcc/avr/5.4.0/../../../../avr/lib/avr5\libc.a(vfprintf_std.o)
 .bss           0x00000000        0x0 c:/program files (x86)/atmel/studio/7.0/toolchain/avr8/avr8-gnu-toolchain/bin/../lib/gcc/avr/5.4.0/../../../../avr/lib/avr5\libc.a(vfprintf_std.o)
 .text          0x00000000        0x0 c:/program files (x86)/atmel/studio/7.0/toolchain/avr8/avr8-gnu-toolchain/bin/../lib/gcc/avr/5.4.0/../../../../avr/lib/avr5\libc.a(strnlen_P.o)
 .data          0x00000000        0x0 c:/program files (x86)/atmel/studio/7.0/toolchain/avr8/avr8-gnu-toolchain/bin/../lib/gcc/avr/5.4.0/../../../../avr/lib/avr5\libc.a(strnlen_P.o)
 .bss           0x00000000        0x0 c:/program files (x86)/atmel/studio/7.0/toolchain/avr8/avr8-gnu-toolchain/bin/../lib/gcc/avr/5.4.0/../../../../avr/lib/avr5\libc.a(strnlen_P.o)
 .text          0x00000000        0x0 c:/program files (x86)/atmel/studio/7.0/toolchain/avr8/avr8-gnu-toolchain/bin/../lib/gcc/avr/5.4.0/../../../../avr/lib/avr5\libc.a(strnlen.o)
 .data          0x00000000        0x0 c:/program files (x86)/atmel/studio/7.0/toolchain/avr8/avr8-gnu-toolchain/bin/../lib/gcc/avr/5.4.0/../../../../avr/lib/avr5\libc.a(strnlen.o)
 .bss           0x00000000        0x0 c:/program files (x86)/atmel/studio/7.0/toolchain/avr8/avr8-gnu-toolchain/bin/../lib/gcc/avr/5.4.0/../../../../avr/lib/avr5\libc.a(strnlen.o)
 .text          0x00000000        0x0 c:/program files (x86)/atmel/studio/7.0/toolchain/avr8/avr8-gnu-toolchain/bin/../lib/gcc/avr/5.4.0/../../../../avr/lib/avr5\libc.a(fputc.o)
 .data          0x00000000        0x0 c:/program files (x86)/atmel/studio/7.0/toolchain/avr8/avr8-gnu-toolchain/bin/../lib/gcc/avr/5.4.0/../../../../avr/lib/avr5\libc.a(fputc.o)
 .bss           0x00000000        0x0 c:/program files (x86)/atmel/studio/7.0/toolchain/avr8/avr8-gnu-toolchain/bin/../lib/gcc/avr/5.4.0/../../../../avr/lib/avr5\libc.a(fputc.o)
 .text          0x00000000        0x0 c:/program files (x86)/atmel/studio/7.0/toolchain/avr8/avr8-gnu-toolchain/bin/../lib/gcc/avr/5.4.0/../../../../avr/lib/avr5\libc.a(ultoa_invert.o)
 .data          0x00000000        0x0 c:/program files (x86)/atmel/studio/7.0/toolchain/avr8/avr8-gnu-toolchain/bin/../lib/gcc/avr/5.4.0/../../../../avr/lib/avr5\libc.a(ultoa_invert.o)
 .bss           0x00000000        0x0 c:/program files (x86)/atmel/studio/7.0/toolchain/avr8/avr8-gnu-toolchain/bin/../lib/gcc/avr/5.4.0/../../../../avr/lib/avr5\libc.a(ultoa_invert.o)
 .text          0x00000000        0x0 c:/program files (x86)/atmel/studio/7.0/toolchain/avr8/avr8-gnu-toolchain/bin/../lib/gcc/avr/5.4.0/avr5\libgcc.a(_prologue.o)
 .data          0x00000000        0x0 c:/program files (x86)/atmel/studio/7.0/toolchain/avr8/avr8-gnu-toolchain/bin/../lib/gcc/avr/5.4.0/avr5\libgcc.a(_prologue.o)
 .bss           0x00000000        0x0 c:/program files (x86)/atmel/studio/7.0/toolchain/avr8/avr8-gnu-toolchain/bin/../lib/gcc/avr/5.4.0/avr5\libgcc.a(_prologue.o)
 .text.libgcc.mul
                0x00000000        0x0 c:/program files (x86)/atmel/studio/7.0/toolchain/avr8/avr8-gnu-toolchain/bin/../lib/gcc/avr/5.4.0/avr5\libgcc.a(_prologue.o)
 .text.libgcc.div
                0x00000000        0x0 c:/program files (x86)/atmel/studio/7.0/toolchain/avr8/avr8-gnu-toolchain/bin/../lib/gcc/avr/5.4.0/avr5\libgcc.a(_prologue.o)
 .text.libgcc   0x00000000        0x0 c:/program files (x86)/atmel/studio/7.0/toolchain/avr8/avr8-gnu-toolchain/bin/../lib/gcc/avr/5.4.0/avr5\libgcc.a(_prologue.o)
 .text.libgcc.builtins
                0x00000000        0x0 c:/program files (x86)/atmel/studio/7.0/toolchain/avr8/avr8-gnu-toolchain/bin/../lib/gcc/avr/5.4.0/avr5\libgcc.a(_prologue.o)
 .text.libgcc.fmul
                0x00000000        0x0 c:/program files (x86)/atmel/studio/7.0/toolchain/avr8/avr8-gnu-toolchain/bin/../lib/gcc/avr/5.4.0/avr5\libgcc.a(_prologue.o)
 .text.libgcc.fixed
                0x00000000        0x0 c:/program files (x86)/atmel/studio/7.0/toolchain/avr8/avr8-gnu-toolchain/bin/../lib/gcc/avr/5.4.0/avr5\libgcc.a(_prologue.o)
 .text          0x00000000        0x0 c:/program files (x86)/atmel/studio/7.0/toolchain/avr8/avr8-gnu-toolchain/bin/../lib/gcc/avr/5.4.0/avr5\libgcc.a(_epilogue.o)
 .data          0x00000000        0x0 c:/program files (x86)/atmel/studio/7.0/toolchain/avr8/avr8-gnu-toolchain/bin/../lib/gcc/avr/5.4.0/avr5\libgcc.a(_epilogue.o)
 .bss           0x00000000        0x0 c:/program files (x86)/atmel/studio/7.0/toolchain/avr8/avr8-gnu-toolchain/bin/../lib/gcc/avr/5.4.0/avr5\libgcc.a(_epilogue.o)
 .text.libgcc.mul
                0x00000000        0x0 c:/program files (x86)/atmel/studio/7.0/toolchain/avr8/avr8-gnu-toolchain/bin/../lib/gcc/avr/5.4.0/avr5\libgcc.a(_epilogue.o)
 .text.libgcc.div
                0x00000000        0x0 c:/program files (x86)/atmel/studio/7.0/toolchain/avr8/avr8-gnu-toolchain/bin/../lib/gcc/avr/5.4.0/avr5\libgcc.a(_epilogue.o)
 .text.libgcc   0x00000000        0x0 c:/program files (x86)/atmel/studio/7.0/toolchain/avr8/avr8-gnu-toolchain/bin/../lib/gcc/avr/5.4.0/avr5\libgcc.a(_epilogue.o)
 .text.libgcc.builtins
                0x00000000        0x0 c:/program files (x86)/atmel/studio/7.0/toolchain/avr8/avr8-gnu-toolchain/bin/../lib/gcc/avr/5.4.0/avr5\libgcc.a(_epilogue.o)
 .text.libgcc.fmul
                0x00000000        0x0 c:/program files (x86)/atmel/studio/7.0/toolchain/avr8/avr8-gnu-toolchain/bin/../lib/gcc/avr/5.4.0/avr5\libgcc.a(_epilogue.o)
 .text.libgcc.fixed
                0x00000000        0x0 c:/program files (x86)/atmel/studio/7.0/toolchain/avr8/avr8-gnu-toolchain/bin/../lib/gcc/avr/5.4.0/avr5\libgcc.a(_epilogue.o)

Memory Configuration

Name             Origin             Length             Attributes
text             0x00000000         0x00008000         xr
data             0x00800100         0x00000800         rw !x
eeprom           0x00810000         0x00000400         rw !x
fuse             0x00820000         0x00000003         rw !x
lock             0x00830000         0x00000400         rw !x
signature        0x00840000         0x00000400         rw !x
user_signatures  0x00850000         0x00000400         rw !x
*default*        0x00000000         0xffffffff

Linker script and memory map

Address of section .data set to 0x800100
LOAD C:/Program Files (x86)/Atmel/Studio/7.0/Packs/atmel/ATmega_DFP/1.7.374/gcc/dev/atmega328p/avr5/crtatmega328p.o
LOAD main.o
LOAD scr/adcRead.o
LOAD scr/InitFile.o
LOAD scr/lcd.o
LOAD scr/loco_control.o
LOAD scr/protection.o
LOAD scr/PWM.o
LOAD scr/railroad_control.o
LOAD scr/shift_registers.o
LOAD scr/timer0.o
LOAD scr/uart.o
START GROUP
LOAD c:/program files (x86)/atmel/studio/7.0/toolchain/avr8/avr8-gnu-toolchain/bin/../lib/gcc/avr/5.4.0/../../../../avr/lib/avr5\libm.a
END GROUP
LOAD c:/program files (x86)/atmel/studio/7.0/toolchain/avr8/avr8-gnu-toolchain/bin/../lib/gcc/avr/5.4.0/avr5\libgcc.a
LOAD c:/program files (x86)/atmel/studio/7.0/toolchain/avr8/avr8-gnu-toolchain/bin/../lib/gcc/avr/5.4.0/../../../../avr/lib/avr5\libm.a
START GROUP
LOAD c:/program files (x86)/atmel/studio/7.0/toolchain/avr8/avr8-gnu-toolchain/bin/../lib/gcc/avr/5.4.0/avr5\libgcc.a
LOAD c:/program files (x86)/atmel/studio/7.0/toolchain/avr8/avr8-gnu-toolchain/bin/../lib/gcc/avr/5.4.0/../../../../avr/lib/avr5\libm.a
LOAD c:/program files (x86)/atmel/studio/7.0/toolchain/avr8/avr8-gnu-toolchain/bin/../lib/gcc/avr/5.4.0/../../../../avr/lib/avr5\libc.a
LOAD C:/Program Files (x86)/Atmel/Studio/7.0/Packs/atmel/ATmega_DFP/1.7.374/gcc/dev/atmega328p/avr5\libatmega328p.a
END GROUP
                0x00000000                __TEXT_REGION_ORIGIN__ = DEFINED (__TEXT_REGION_ORIGIN__)?__TEXT_REGION_ORIGIN__:0x0
                [0x00800100]                __DATA_REGION_ORIGIN__ = DEFINED (__DATA_REGION_ORIGIN__)?__DATA_REGION_ORIGIN__:0x800060
                [0x00008000]                __TEXT_REGION_LENGTH__ = DEFINED (__TEXT_REGION_LENGTH__)?__TEXT_REGION_LENGTH__:0x20000
                [0x00000800]                __DATA_REGION_LENGTH__ = DEFINED (__DATA_REGION_LENGTH__)?__DATA_REGION_LENGTH__:0xffa0
                [0x00000400]                __EEPROM_REGION_LENGTH__ = DEFINED (__EEPROM_REGION_LENGTH__)?__EEPROM_REGION_LENGTH__:0x10000
                [0x00000003]                __FUSE_REGION_LENGTH__ = DEFINED (__FUSE_REGION_LENGTH__)?__FUSE_REGION_LENGTH__:0x400
                0x00000400                __LOCK_REGION_LENGTH__ = DEFINED (__LOCK_REGION_LENGTH__)?__LOCK_REGION_LENGTH__:0x400
                0x00000400                __SIGNATURE_REGION_LENGTH__ = DEFINED (__SIGNATURE_REGION_LENGTH__)?__SIGNATURE_REGION_LENGTH__:0x400
                0x00000400                __USER_SIGNATURE_REGION_LENGTH__ = DEFINED (__USER_SIGNATURE_REGION_LENGTH__)?__USER_SIGNATURE_REGION_LENGTH__:0x400

.hash
 *(.hash)

.dynsym
 *(.dynsym)

.dynstr
 *(.dynstr)

.gnu.version
 *(.gnu.version)

.gnu.version_d
 *(.gnu.version_d)

.gnu.version_r
 *(.gnu.version_r)

.rel.init
 *(.rel.init)

.rela.init
 *(.rela.init)

.rel.text
 *(.rel.text)
 *(.rel.text.*)
 *(.rel.gnu.linkonce.t*)

.rela.text
 *(.rela.text)
 *(.rela.text.*)
 *(.rela.gnu.linkonce.t*)

.rel.fini
 *(.rel.fini)

.rela.fini
 *(.rela.fini)

.rel.rodata
 *(.rel.rodata)
 *(.rel.rodata.*)
 *(.rel.gnu.linkonce.r*)

.rela.rodata
 *(.rela.rodata)
 *(.rela.rodata.*)
 *(.rela.gnu.linkonce.r*)

.rel.data
 *(.rel.data)
 *(.rel.data.*)
 *(.rel.gnu.linkonce.d*)

.rela.data
 *(.rela.data)
 *(.rela.data.*)
 *(.rela.gnu.linkonce.d*)

.rel.ctors
 *(.rel.ctors)

.rela.ctors
 *(.rela.ctors)

.rel.dtors
 *(.rel.dtors)

.rela.dtors
 *(.rela.dtors)

.rel.got
 *(.rel.got)

.rela.got
 *(.rela.got)

.rel.bss
 *(.rel.bss)

.rela.bss
 *(.rela.bss)

.rel.plt
 *(.rel.plt)

.rela.plt
 *(.rela.plt)

.text           0x00000000     0x1748
 *(.vectors)
 .vectors       0x00000000       0x68 C:/Program Files (x86)/Atmel/Studio/7.0/Packs/atmel/ATmega_DFP/1.7.374/gcc/dev/atmega328p/avr5/crtatmega328p.o
                0x00000000                __vector_default
                0x00000000                __vectors
 *(.vectors)
 *(.progmem.gcc*)
                0x00000068                . = ALIGN (0x2)
                0x00000068                __trampolines_start = .
 *(.trampolines)
 .trampolines   0x00000068        0x0 linker stubs
 *(.trampolines*)
                0x00000068                __trampolines_end = .
 *libprintf_flt.a:*(.progmem.data)
 *libc.a:*(.progmem.data)
 *(.progmem*)
                0x00000068                . = ALIGN (0x2)
 *(.jumptables)
 *(.jumptables*)
 *(.lowtext)
 *(.lowtext*)
                0x00000068                __ctors_start = .
 *(.ctors)
                0x00000068                __ctors_end = .
                0x00000068                __dtors_start = .
 *(.dtors)
                0x00000068                __dtors_end = .
 SORT(*)(.ctors)
 SORT(*)(.dtors)
 *(.init0)
 .init0         0x00000068        0x0 C:/Program Files (x86)/Atmel/Studio/7.0/Packs/atmel/ATmega_DFP/1.7.374/gcc/dev/atmega328p/avr5/crtatmega328p.o
                0x00000068                __init
 *(.init0)
 *(.init1)
 *(.init1)
 *(.init2)
 .init2         0x00000068        0xc C:/Program Files (x86)/Atmel/Studio/7.0/Packs/atmel/ATmega_DFP/1.7.374/gcc/dev/atmega328p/avr5/crtatmega328p.o
 *(.init2)
 *(.init3)
 *(.init3)
 *(.init4)
 .init4         0x00000074       0x16 c:/program files (x86)/atmel/studio/7.0/toolchain/avr8/avr8-gnu-toolchain/bin/../lib/gcc/avr/5.4.0/avr5\libgcc.a(_copy_data.o)
                0x00000074                __do_copy_data
 .init4         0x0000008a       0x10 c:/program files (x86)/atmel/studio/7.0/toolchain/avr8/avr8-gnu-toolchain/bin/../lib/gcc/avr/5.4.0/avr5\libgcc.a(_clear_bss.o)
                0x0000008a                __do_clear_bss
 *(.init4)
 *(.init5)
 *(.init5)
 *(.init6)
 *(.init6)
 *(.init7)
 *(.init7)
 *(.init8)
 *(.init8)
 *(.init9)
 .init9         0x0000009a        0x8 C:/Program Files (x86)/Atmel/Studio/7.0/Packs/atmel/ATmega_DFP/1.7.374/gcc/dev/atmega328p/avr5/crtatmega328p.o
 *(.init9)
 *(.text)
 .text          0x000000a2        0x4 C:/Program Files (x86)/Atmel/Studio/7.0/Packs/atmel/ATmega_DFP/1.7.374/gcc/dev/atmega328p/avr5/crtatmega328p.o
                0x000000a2                __vector_22
                0x000000a2                __vector_1
                0x000000a2                __vector_24
                0x000000a2                __vector_12
                0x000000a2                __bad_interrupt
                0x000000a2                __vector_6
                0x000000a2                __vector_3
                0x000000a2                __vector_23
                0x000000a2                __vector_25
                0x000000a2                __vector_11
                0x000000a2                __vector_13
                0x000000a2                __vector_17
                0x000000a2                __vector_19
                0x000000a2                __vector_7
                0x000000a2                __vector_5
                0x000000a2                __vector_4
                0x000000a2                __vector_9
                0x000000a2                __vector_2
                0x000000a2                __vector_21
                0x000000a2                __vector_15
                0x000000a2                __vector_8
                0x000000a2                __vector_10
                0x000000a2                __vector_16
                0x000000a2                __vector_18
                0x000000a2                __vector_20
                0x000000a6                . = ALIGN (0x2)
 *(.text.*)
 .text._Z21show_adc_value_on_lcdv
                0x000000a6       0xa8 main.o
                0x000000a6                _Z21show_adc_value_on_lcdv
 .text._Z13updateAdcModehj
                0x0000014e       0x8a main.o
                0x0000014e                _Z13updateAdcModehj
 .text._Z25update_adc_display_if_duev
                0x000001d8       0x2a main.o
                0x000001d8                _Z25update_adc_display_if_duev
 .text._Z18isForwardDirectionv
                0x00000202       0x10 main.o
                0x00000202                _Z18isForwardDirectionv
 .text._Z17handleSensorEventhhh
                0x00000212       0x44 main.o
                0x00000212                _Z17handleSensorEventhhh
 .text._Z17checkSensorsStatev
                0x00000256       0x68 main.o
                0x00000256                _Z17checkSensorsStatev
 .text._Z14process_packet11UART_Packet
                0x000002be       0x98 main.o
                0x000002be                _Z14process_packet11UART_Packet
 .text.main     0x00000356       0x46 main.o
                0x00000356                main
 .text.ADC_Init
                0x0000039c        0xe scr/adcRead.o
                0x0000039c                ADC_Init
 .text.ADC_Read
                0x000003aa       0x2a scr/adcRead.o
                0x000003aa                ADC_Read
 .text.system_init
                0x000003d4       0x78 scr/InitFile.o
                0x000003d4                system_init
 .text.I2C_Init
                0x0000044c       0x12 scr/lcd.o
                0x0000044c                I2C_Init
 .text.I2C_Start
                0x0000045e       0x10 scr/lcd.o
                0x0000045e                I2C_Start
 .text.I2C_Stop
                0x0000046e       0x10 scr/lcd.o
                0x0000046e                I2C_Stop
 .text.I2C_Write
                0x0000047e       0x14 scr/lcd.o
                0x0000047e                I2C_Write
 .text.LCD_Send
                0x00000492       0x62 scr/lcd.o
                0x00000492                LCD_Send
 .text.LCD_Command
                0x000004f4       0x14 scr/lcd.o
                0x000004f4                LCD_Command
 .text.LCD_Data
                0x00000508       0x14 scr/lcd.o
                0x00000508                LCD_Data
 .text.LCD_Init
                0x0000051c       0x6e scr/lcd.o
                0x0000051c                LCD_Init
 .text.LCD_Clear
                0x0000058a       0x14 scr/lcd.o
                0x0000058a                LCD_Clear
 .text.LCD_SetCursor
                0x0000059e       0x3e scr/lcd.o
                0x0000059e                LCD_SetCursor
 .text.LCD_Print
                0x000005dc       0x1a scr/lcd.o
                0x000005dc                LCD_Print
 .text.LCD_Blink
                0x000005f6       0xe4 scr/lcd.o
                0x000005f6                LCD_Blink
 .text.LCD_PrintTwoLines
                0x000006da       0x48 scr/lcd.o
                0x000006da                LCD_PrintTwoLines
 .text.update_lcd
                0x00000722       0x92 scr/lcd.o
                0x00000722                update_lcd
 .text.print_triggered_sensor
                0x000007b4       0x74 scr/lcd.o
                0x000007b4                print_triggered_sensor
 .text.SlowMode
                0x00000828       0x12 scr/loco_control.o
                0x00000828                SlowMode
 .text.PowerSupplyOn
                0x0000083a        0xe scr/loco_control.o
                0x0000083a                PowerSupplyOn
 .text.MoveLocoForward
                0x00000848       0x48 scr/loco_control.o
                0x00000848                MoveLocoForward
 .text.PowerSupplyOff
                0x00000890        0x8 scr/loco_control.o
                0x00000890                PowerSupplyOff
 .text.LocoStop
                0x00000898       0x44 scr/loco_control.o
                0x00000898                LocoStop
 .text.ReversOn
                0x000008dc        0x8 scr/loco_control.o
                0x000008dc                ReversOn
 .text.MoveLocoBackward
                0x000008e4       0x50 scr/loco_control.o
                0x000008e4                MoveLocoBackward
 .text.check_and_send_overload_stop
                0x00000934      0x196 scr/protection.o
                0x00000934                check_and_send_overload_stop
 .text.resetLocoTimer
                0x00000aca        0xe scr/protection.o
                0x00000aca                resetLocoTimer
 .text.stopLocoDueToTimeout
                0x00000ad8       0x12 scr/protection.o
                0x00000ad8                stopLocoDueToTimeout
 .text.checkLocoMovementTimeout
                0x00000aea       0x3c scr/protection.o
                0x00000aea                checkLocoMovementTimeout
 .text.initPWM  0x00000b26       0x1c scr/PWM.o
                0x00000b26                initPWM
 .text.enablePWM
                0x00000b42       0x20 scr/PWM.o
                0x00000b42                enablePWM
 .text.disablePWM
                0x00000b62       0x1e scr/PWM.o
                0x00000b62                disablePWM
 .text.startPWMUp
                0x00000b80       0x38 scr/PWM.o
                0x00000b80                startPWMUp
 .text.processPWMUp
                0x00000bb8       0x8a scr/PWM.o
                0x00000bb8                processPWMUp
 .text.reset_route_state
                0x00000c42        0x6 scr/railroad_control.o
                0x00000c42                reset_route_state
 .text.activate_route_non_blocking
                0x00000c48      0x130 scr/railroad_control.o
                0x00000c48                activate_route_non_blocking
 .text.read_74HC165
                0x00000d78       0x3e scr/shift_registers.o
                0x00000d78                read_74HC165
 .text.init_74HC595_ports
                0x00000db6        0xe scr/shift_registers.o
                0x00000db6                init_74HC595_ports
 .text.shiftOut
                0x00000dc4       0x42 scr/shift_registers.o
                0x00000dc4                shiftOut
 .text.latchData
                0x00000e06       0x10 scr/shift_registers.o
                0x00000e06                latchData
 .text.shiftOutMultiple
                0x00000e16       0x32 scr/shift_registers.o
                0x00000e16                shiftOutMultiple
 .text.init_74HC165_ports
                0x00000e48       0x3a scr/shift_registers.o
                0x00000e48                init_74HC165_ports
 .text.timer0_init
                0x00000e82       0x22 scr/timer0.o
                0x00000e82                timer0_init
 .text.__vector_14
                0x00000ea4       0x2e scr/timer0.o
                0x00000ea4                __vector_14
 .text.UART_init
                0x00000ed2       0x18 scr/uart.o
                0x00000ed2                UART_init
 .text.UART_send
                0x00000eea        0xe scr/uart.o
                0x00000eea                UART_send
 .text.UART_receive
                0x00000ef8       0x1c scr/uart.o
                0x00000ef8                UART_receive
 .text.crc8     0x00000f14       0x36 scr/uart.o
                0x00000f14                crc8
 .text.send_command
                0x00000f4a       0x5a scr/uart.o
                0x00000f4a                send_command
 .text.UART_receive_full_packet
                0x00000fa4       0x84 scr/uart.o
                0x00000fa4                UART_receive_full_packet
 .text.send_ack
                0x00001028        0xc scr/uart.o
                0x00001028                send_ack
 .text.UART_receive_packet
                0x00001034       0x5a scr/uart.o
                0x00001034                UART_receive_packet
 .text.send_command_with_ack
                0x0000108e       0x68 scr/uart.o
                0x0000108e                send_command_with_ack
 .text.libgcc.div
                0x000010f6       0x28 c:/program files (x86)/atmel/studio/7.0/toolchain/avr8/avr8-gnu-toolchain/bin/../lib/gcc/avr/5.4.0/avr5\libgcc.a(_divmodhi4.o)
                0x000010f6                _div
                0x000010f6                __divmodhi4
 .text.libgcc.div
                0x0000111e       0x28 c:/program files (x86)/atmel/studio/7.0/toolchain/avr8/avr8-gnu-toolchain/bin/../lib/gcc/avr/5.4.0/avr5\libgcc.a(_udivmodhi4.o)
                0x0000111e                __udivmodhi4
 .text.avr-libc
                0x00001146        0xe c:/program files (x86)/atmel/studio/7.0/toolchain/avr8/avr8-gnu-toolchain/bin/../lib/gcc/avr/5.4.0/../../../../avr/lib/avr5\libc.a(memset.o)
                0x00001146                memset
 .text.avr-libc
                0x00001154       0x60 c:/program files (x86)/atmel/studio/7.0/toolchain/avr8/avr8-gnu-toolchain/bin/../lib/gcc/avr/5.4.0/../../../../avr/lib/avr5\libc.a(snprintf.o)
                0x00001154                snprintf
 .text.avr-libc
                0x000011b4      0x3c2 c:/program files (x86)/atmel/studio/7.0/toolchain/avr8/avr8-gnu-toolchain/bin/../lib/gcc/avr/5.4.0/../../../../avr/lib/avr5\libc.a(vfprintf_std.o)
                0x000011b4                vfprintf
 .text.avr-libc
                0x00001576       0x16 c:/program files (x86)/atmel/studio/7.0/toolchain/avr8/avr8-gnu-toolchain/bin/../lib/gcc/avr/5.4.0/../../../../avr/lib/avr5\libc.a(strnlen_P.o)
                0x00001576                strnlen_P
 .text.avr-libc
                0x0000158c       0x16 c:/program files (x86)/atmel/studio/7.0/toolchain/avr8/avr8-gnu-toolchain/bin/../lib/gcc/avr/5.4.0/../../../../avr/lib/avr5\libc.a(strnlen.o)
                0x0000158c                strnlen
 .text.avr-libc
                0x000015a2       0x78 c:/program files (x86)/atmel/studio/7.0/toolchain/avr8/avr8-gnu-toolchain/bin/../lib/gcc/avr/5.4.0/../../../../avr/lib/avr5\libc.a(fputc.o)
                0x000015a2                fputc
 .text.avr-libc
                0x0000161a       0xbc c:/program files (x86)/atmel/studio/7.0/toolchain/avr8/avr8-gnu-toolchain/bin/../lib/gcc/avr/5.4.0/../../../../avr/lib/avr5\libc.a(ultoa_invert.o)
                0x0000161a                __ultoa_invert
 .text.libgcc.prologue
                0x000016d6       0x38 c:/program files (x86)/atmel/studio/7.0/toolchain/avr8/avr8-gnu-toolchain/bin/../lib/gcc/avr/5.4.0/avr5\libgcc.a(_prologue.o)
                0x000016d6                __prologue_saves__
 .text.libgcc.prologue
                0x0000170e       0x36 c:/program files (x86)/atmel/studio/7.0/toolchain/avr8/avr8-gnu-toolchain/bin/../lib/gcc/avr/5.4.0/avr5\libgcc.a(_epilogue.o)
                0x0000170e                __epilogue_restores__
                0x00001744                . = ALIGN (0x2)
 *(.fini9)
 .fini9         0x00001744        0x0 c:/program files (x86)/atmel/studio/7.0/toolchain/avr8/avr8-gnu-toolchain/bin/../lib/gcc/avr/5.4.0/avr5\libgcc.a(_exit.o)
                0x00001744                _exit
                0x00001744                exit
 *(.fini9)
 *(.fini8)
 *(.fini8)
 *(.fini7)
 *(.fini7)
 *(.fini6)
 *(.fini6)
 *(.fini5)
 *(.fini5)
 *(.fini4)
 *(.fini4)
 *(.fini3)
 *(.fini3)
 *(.fini2)
 *(.fini2)
 *(.fini1)
 *(.fini1)
 *(.fini0)
 .fini0         0x00001744        0x4 c:/program files (x86)/atmel/studio/7.0/toolchain/avr8/avr8-gnu-toolchain/bin/../lib/gcc/avr/5.4.0/avr5\libgcc.a(_exit.o)
 *(.fini0)
                0x00001748                _etext = .

.data           0x00800100       0x64 load address 0x00001748
                0x00800100                PROVIDE (__data_start, .)
 *(.data)
 *(.data*)
 .data._ZZ21show_adc_value_on_lcdvE12lastAdcValue
                0x00800100        0x2 main.o
 .data.previousSensorStates
                0x00800102        0x1 scr/InitFile.o
                0x00800102                previousSensorStates
 .data.lastCmd  0x00800103        0x1 scr/InitFile.o
                0x00800103                lastCmd
 .data.currentDuty
                0x00800104        0x2 scr/PWM.o
 *(.gnu.linkonce.d*)
 *(.rodata)
 *(.rodata*)
 .rodata.str1.1
                0x00800106        0xe main.o
 .rodata.str1.1
                0x00800114       0x10 scr/InitFile.o
                                 0x11 (size before relaxing)
 .rodata.str1.1
                0x00800124       0x12 scr/lcd.o
 .rodata.powerRoutesSuplly
                0x00800136        0x8 scr/loco_control.o
                0x00800136                powerRoutesSuplly
 .rodata.str1.1
                0x0080013e       0x13 scr/protection.o
 .rodata.routeSwitches
                0x00800151       0x12 scr/railroad_control.o
                0x00800151                routeSwitches
 *(.gnu.linkonce.r*)
                0x00800164                . = ALIGN (0x2)
 *fill*         0x00800163        0x1 
                0x00800164                _edata = .
                0x00800164                PROVIDE (__data_end, .)

.bss            0x00800164       0x27
                0x00800164                PROVIDE (__bss_start, .)
 *(.bss)
 *(.bss*)
 .bss._ZZ25update_adc_display_if_duevE11lastAdcTick
                0x00800164        0x2 main.o
 .bss._ZZ13updateAdcModehjE13adcModeActive
                0x00800166        0x1 main.o
 .bss._ZZ13updateAdcModehjE16toggledThisPress
                0x00800167        0x1 main.o
 .bss._ZZ13updateAdcModehjE13holdStartTick
                0x00800168        0x2 main.o
 .bss._ZZ21show_adc_value_on_lcdvE7counter
                0x0080016a        0x1 main.o
 .bss.SelectedTable
                0x0080016b        0x1 scr/InitFile.o
                0x0080016b                SelectedTable
 .bss.triggeredBitsHistory
                0x0080016c        0x1 scr/InitFile.o
                0x0080016c                triggeredBitsHistory
 .bss.sensorStates
                0x0080016d        0x1 scr/InitFile.o
                0x0080016d                sensorStates
 .bss.timeCounter
                0x0080016e        0x1 scr/InitFile.o
                0x0080016e                timeCounter
 .bss.tickCounter
                0x0080016f        0x2 scr/InitFile.o
                0x0080016f                tickCounter
 .bss.isLocoMoving
                0x00800171        0x1 scr/InitFile.o
                0x00800171                isLocoMoving
 .bss.emergencyStopActive
                0x00800172        0x1 scr/InitFile.o
                0x00800172                emergencyStopActive
 .bss.routeSetupInProgress
                0x00800173        0x1 scr/InitFile.o
                0x00800173                routeSetupInProgress
 .bss.toggle.1825
                0x00800174        0x1 scr/lcd.o
 .bss.counter.1826
                0x00800175        0x1 scr/lcd.o
 .bss.lastResendTick.1722
                0x00800176        0x2 scr/protection.o
 .bss.holdStartTick.1721
                0x00800178        0x2 scr/protection.o
 .bss.state.1720
                0x0080017a        0x1 scr/protection.o
 .bss.filt.1713
                0x0080017b        0x2 scr/protection.o
 .bss.filtInit.1714
                0x0080017d        0x1 scr/protection.o
 .bss.pwmLastTick
                0x0080017e        0x4 scr/PWM.o
 .bss.pwmIncreasing
                0x00800182        0x1 scr/PWM.o
 .bss.lastTick.1808
                0x00800183        0x4 scr/railroad_control.o
 .bss.currentBit.1809
                0x00800187        0x1 scr/railroad_control.o
 .bss.initialized
                0x00800188        0x1 scr/railroad_control.o
 .bss.rail_switch_step_counter
                0x00800189        0x2 scr/timer0.o
                0x00800189                rail_switch_step_counter
 *(COMMON)
                0x0080018b                PROVIDE (__bss_end, .)
                0x00001748                __data_load_start = LOADADDR (.data)
                0x000017ac                __data_load_end = (__data_load_start + SIZEOF (.data))

.noinit         0x0080018b        0x0
                [!provide]                PROVIDE (__noinit_start, .)
 *(.noinit*)
                [!provide]                PROVIDE (__noinit_end, .)
                0x0080018b                _end = .
                [!provide]                PROVIDE (__heap_start, .)

.eeprom         0x00810000        0x0
 *(.eeprom*)
                0x00810000                __eeprom_end = .

.fuse
 *(.fuse)
 *(.lfuse)
 *(.hfuse)
 *(.efuse)

.lock
 *(.lock*)

.signature
 *(.signature*)

.user_signatures
 *(.user_signatures*)

.stab
 *(.stab)

.stabstr
 *(.stabstr)

.stab.excl
 *(.stab.excl)

.stab.exclstr
 *(.stab.exclstr)

.stab.index
 *(.stab.index)

.stab.indexstr
 *(.stab.indexstr)

.comment        0x00000000       0x5c
 *(.comment)
 .comment       0x00000000       0x30 main.o
                                 0x31 (size before relaxing)
 .comment       0x00000030       0x31 scr/adcRead.o
 .comment       0x00000030       0x31 scr/InitFile.o
 .comment       0x00000030       0x31 scr/lcd.o
 .comment       0x00000030       0x31 scr/loco_control.o
 .comment       0x00000030       0x31 scr/protection.o
 .comment       0x00000030       0x31 scr/PWM.o
 .comment       0x00000030       0x31 scr/railroad_control.o
 .comment       0x00000030       0x31 scr/shift_registers.o
 .comment       0x00000030       0x31 scr/timer0.o
 .comment       0x00000030       0x31 scr/uart.o
 .comment       0x00000030       0x31 c:/program files (x86)/atmel/studio/7.0/toolchain/avr8/avr8-gnu-toolchain/bin/../lib/gcc/avr/5.4.0/../../../../avr/lib/avr5\libc.a(snprintf.o)
 .comment       0x00000030       0x2c c:/program files (x86)/atmel/studio/7.0/toolchain/avr8/avr8-gnu-toolchain/bin/../lib/gcc/avr/5.4.0/../../../../avr/lib/avr5\libc.a(vfprintf_std.o)
                                 0x2d (size before relaxing)
 .comment       0x0000005c       0x31 c:/program files (x86)/atmel/studio/7.0/toolchain/avr8/avr8-gnu-toolchain/bin/../lib/gcc/avr/5.4.0/../../../../avr/lib/avr5\libc.a(fputc.o)

.note.gnu.avr.deviceinfo
                0x00000000       0x40
 .note.gnu.avr.deviceinfo
                0x00000000       0x40 C:/Program Files (x86)/Atmel/Studio/7.0/Packs/atmel/ATmega_DFP/1.7.374/gcc/dev/atmega328p/avr5/crtatmega328p.o

.note.gnu.build-id
 *(.note.gnu.build-id)

.debug
 *(.debug)

.line
 *(.line)

.debug_srcinfo
 *(.debug_srcinfo)

.debug_sfnames
 *(.debug_sfnames)

.debug_aranges  0x00000000      0x310
 *(.debug_aranges)
 .debug_aranges
                0x00000000       0x58 main.o
 .debug_aranges
                0x00000058       0x28 scr/adcRead.o
 .debug_aranges
                0x00000080       0x20 scr/InitFile.o
 .debug_aranges
                0x000000a0       0x98 scr/lcd.o
 .debug_aranges
                0x00000138       0x50 scr/loco_control.o
 .debug_aranges
                0x00000188       0x38 scr/protection.o
 .debug_aranges
                0x000001c0       0x50 scr/PWM.o
 .debug_aranges
                0x00000210       0x28 scr/railroad_control.o
 .debug_aranges
                0x00000238       0x48 scr/shift_registers.o
 .debug_aranges
                0x00000280       0x28 scr/timer0.o
 .debug_aranges
                0x000002a8       0x68 scr/uart.o

.debug_pubnames
 *(.debug_pubnames)

.debug_info     0x00000000     0x2cbc
 *(.debug_info .gnu.linkonce.wi.*)
 .debug_info    0x00000000      0x5f4 C:/Program Files (x86)/Atmel/Studio/7.0/Packs/atmel/ATmega_DFP/1.7.374/gcc/dev/atmega328p/avr5/crtatmega328p.o
 .debug_info    0x000005f4      0x6ac main.o
 .debug_info    0x00000ca0       0xb8 scr/adcRead.o
 .debug_info    0x00000d58      0x304 scr/InitFile.o
 .debug_info    0x0000105c      0xa0d scr/lcd.o
 .debug_info    0x00001a69      0x32f scr/loco_control.o
 .debug_info    0x00001d98      0x34a scr/protection.o
 .debug_info    0x000020e2      0x17e scr/PWM.o
 .debug_info    0x00002260      0x1c4 scr/railroad_control.o
 .debug_info    0x00002424      0x345 scr/shift_registers.o
 .debug_info    0x00002769       0xbb scr/timer0.o
 .debug_info    0x00002824      0x498 scr/uart.o

.debug_abbrev   0x00000000     0x137e
 *(.debug_abbrev)
 .debug_abbrev  0x00000000      0x5a2 C:/Program Files (x86)/Atmel/Studio/7.0/Packs/atmel/ATmega_DFP/1.7.374/gcc/dev/atmega328p/avr5/crtatmega328p.o
 .debug_abbrev  0x000005a2      0x1b0 main.o
 .debug_abbrev  0x00000752       0x7a scr/adcRead.o
 .debug_abbrev  0x000007cc       0xe5 scr/InitFile.o
 .debug_abbrev  0x000008b1      0x21c scr/lcd.o
 .debug_abbrev  0x00000acd      0x15c scr/loco_control.o
 .debug_abbrev  0x00000c29      0x144 scr/protection.o
 .debug_abbrev  0x00000d6d       0xe5 scr/PWM.o
 .debug_abbrev  0x00000e52      0x10c scr/railroad_control.o
 .debug_abbrev  0x00000f5e      0x1bb scr/shift_registers.o
 .debug_abbrev  0x00001119       0x81 scr/timer0.o
 .debug_abbrev  0x0000119a      0x1e4 scr/uart.o

.debug_line     0x00000000     0x1af9
 *(.debug_line .debug_line.* .debug_line_end)
 .debug_line    0x00000000      0x134 C:/Program Files (x86)/Atmel/Studio/7.0/Packs/atmel/ATmega_DFP/1.7.374/gcc/dev/atmega328p/avr5/crtatmega328p.o
 .debug_line    0x00000134      0x434 main.o
 .debug_line    0x00000568       0xe2 scr/adcRead.o
 .debug_line    0x0000064a      0x166 scr/InitFile.o
 .debug_line    0x000007b0      0x4bd scr/lcd.o
 .debug_line    0x00000c6d      0x1fc scr/loco_control.o
 .debug_line    0x00000e69      0x24c scr/protection.o
 .debug_line    0x000010b5      0x1b8 scr/PWM.o
 .debug_line    0x0000126d      0x1a0 scr/railroad_control.o
 .debug_line    0x0000140d      0x2b2 scr/shift_registers.o
 .debug_line    0x000016bf       0xd9 scr/timer0.o
 .debug_line    0x00001798      0x361 scr/uart.o

.debug_frame    0x00000000      0x704
 *(.debug_frame)
 .debug_frame   0x00000000       0xd4 main.o
 .debug_frame   0x000000d4       0x34 scr/adcRead.o
 .debug_frame   0x00000108       0x34 scr/InitFile.o
 .debug_frame   0x0000013c      0x1d4 scr/lcd.o
 .debug_frame   0x00000310       0xc4 scr/loco_control.o
 .debug_frame   0x000003d4       0x5c scr/protection.o
 .debug_frame   0x00000430       0x84 scr/PWM.o
 .debug_frame   0x000004b4       0x50 scr/railroad_control.o
 .debug_frame   0x00000504       0x98 scr/shift_registers.o
 .debug_frame   0x0000059c       0x48 scr/timer0.o
 .debug_frame   0x000005e4      0x120 scr/uart.o

.debug_str      0x00000000      0xcc6
 *(.debug_str)
 .debug_str     0x00000000      0x208 C:/Program Files (x86)/Atmel/Studio/7.0/Packs/atmel/ATmega_DFP/1.7.374/gcc/dev/atmega328p/avr5/crtatmega328p.o
 .debug_str     0x00000208      0x539 main.o
                                0x5a8 (size before relaxing)
 .debug_str     0x00000741       0xcd scr/adcRead.o
                                0x199 (size before relaxing)
 .debug_str     0x0000080e       0xc6 scr/InitFile.o
                                0x2df (size before relaxing)
 .debug_str     0x000008d4      0x155 scr/lcd.o
                                0x359 (size before relaxing)
 .debug_str     0x00000a29       0x9d scr/loco_control.o
                                0x277 (size before relaxing)
 .debug_str     0x00000ac6       0x87 scr/protection.o
                                0x312 (size before relaxing)
 .debug_str     0x00000b4d       0x56 scr/PWM.o
                                0x21b (size before relaxing)
 .debug_str     0x00000ba3       0x48 scr/railroad_control.o
                                0x268 (size before relaxing)
 .debug_str     0x00000beb       0x3e scr/shift_registers.o
                                0x240 (size before relaxing)
 .debug_str     0x00000c29       0x1c scr/timer0.o
                                0x1af (size before relaxing)
 .debug_str     0x00000c45       0x81 scr/uart.o
                                0x27d (size before relaxing)

.debug_loc      0x00000000     0x162b
 *(.debug_loc)
 .debug_loc     0x00000000      0x356 main.o
 .debug_loc     0x00000356       0x2e scr/adcRead.o
 .debug_loc     0x00000384       0x48 scr/InitFile.o
 .debug_loc     0x000003cc      0x872 scr/lcd.o
 .debug_loc     0x00000c3e      0x162 scr/loco_control.o
 .debug_loc     0x00000da0       0x62 scr/protection.o
 .debug_loc     0x00000e02       0xc0 scr/railroad_control.o
 .debug_loc     0x00000ec2      0x281 scr/shift_registers.o
 .debug_loc     0x00001143       0x49 scr/timer0.o
 .debug_loc     0x0000118c      0x49f scr/uart.o

.debug_macinfo
 *(.debug_macinfo)

.debug_weaknames
 *(.debug_weaknames)

.debug_funcnames
 *(.debug_funcnames)

.debug_typenames
 *(.debug_typenames)

.debug_varnames
 *(.debug_varnames)

.debug_pubtypes
 *(.debug_pubtypes)

.debug_ranges   0x00000000      0x290
 *(.debug_ranges)
 .debug_ranges  0x00000000       0x48 main.o
 .debug_ranges  0x00000048       0x18 scr/adcRead.o
 .debug_ranges  0x00000060       0x10 scr/InitFile.o
 .debug_ranges  0x00000070       0x88 scr/lcd.o
 .debug_ranges  0x000000f8       0x40 scr/loco_control.o
 .debug_ranges  0x00000138       0x28 scr/protection.o
 .debug_ranges  0x00000160       0x40 scr/PWM.o
 .debug_ranges  0x000001a0       0x18 scr/railroad_control.o
 .debug_ranges  0x000001b8       0x50 scr/shift_registers.o
 .debug_ranges  0x00000208       0x18 scr/timer0.o
 .debug_ranges  0x00000220       0x70 scr/uart.o

.debug_macro
 *(.debug_macro)
OUTPUT(CafeTrainAtmega328.elf elf32-avr)
LOAD linker stubs
